Component: ARM Compiler 5.06 update 5 (build 528) Tool: armlink [4d35e2]

==============================================================================

Section Cross References

    system_stm32f4xx.o(i.SystemCoreClockUpdate) refers to system_stm32f4xx.o(.data) for SystemCoreClock
    system_stm32f4xx.o(i.SystemInit) refers to system_stm32f4xx.o(i.SetSysClock) for SetSysClock
    main.o(i.bsp_Init) refers to pid.o(i.pid_init) for pid_init
    main.o(i.bsp_Init) refers to sogi.o(i.sogi_init) for sogi_init
    main.o(i.bsp_Init) refers to pll.o(i.pll_init) for pll_init
    main.o(i.bsp_Init) refers to misc.o(i.NVIC_PriorityGroupConfig) for NVIC_PriorityGroupConfig
    main.o(i.bsp_Init) refers to delay.o(i.delay_init) for delay_init
    main.o(i.bsp_Init) refers to ad7606.o(i.AD7606_Init) for AD7606_Init
    main.o(i.bsp_Init) refers to spi.o(i.SPI2_Init) for SPI2_Init
    main.o(i.bsp_Init) refers to gpio.o(i.GPIO_Config_Init) for GPIO_Config_Init
    main.o(i.bsp_Init) refers to exti.o(i.EXTIX_Init) for EXTIX_Init
    main.o(i.bsp_Init) refers to oled.o(i.OLED_Init) for OLED_Init
    main.o(i.bsp_Init) refers to usart.o(i.uart_init) for uart_init
    main.o(i.bsp_Init) refers to timer.o(i.TIM1_Config_Init) for TIM1_Config_Init
    main.o(i.bsp_Init) refers to timer.o(i.TIM2_Config_Init) for TIM2_Config_Init
    main.o(i.bsp_Init) refers to timer.o(i.TIM3_Config_Init) for TIM3_Config_Init
    main.o(i.bsp_Init) refers to oled.o(i.OLED_Clear) for OLED_Clear
    main.o(i.bsp_Init) refers to global.o(.bss) for pid1
    main.o(i.main) refers to main.o(i.bsp_Init) for bsp_Init
    disp.o(i.disp_others) refers to oled.o(i.OLED_ShowString) for OLED_ShowString
    disp.o(i.disp_others) refers to global.o(.data) for mode
    disp.o(i.disp_title) refers to oled.o(i.OLED_ShowString) for OLED_ShowString
    disp.o(i.disp_title) refers to global.o(.data) for mode
    sogi.o(i.sogi) refers to f2d.o(.text) for __aeabi_f2d
    sogi.o(i.sogi) refers to dadd.o(.text) for __aeabi_dadd
    sogi.o(i.sogi) refers to d2f.o(.text) for __aeabi_d2f
    sogi.o(i.sogi) refers to sogi.o(.data) for z1
    transform.o(i.ab_to_dq) refers to arm_sin_f32.o(.text) for arm_sin_f32
    transform.o(i.ab_to_dq) refers to arm_cos_f32.o(.text) for arm_cos_f32
    transform.o(i.dq_to_ab) refers to arm_sin_f32.o(.text) for arm_sin_f32
    transform.o(i.dq_to_ab) refers to arm_cos_f32.o(.text) for arm_cos_f32
    timer_handler.o(i.TIM1_CC_IRQHandler) refers to stm32f4xx_tim.o(i.TIM_GetITStatus) for TIM_GetITStatus
    timer_handler.o(i.TIM1_CC_IRQHandler) refers to stm32f4xx_tim.o(i.TIM_SetCompare1) for TIM_SetCompare1
    timer_handler.o(i.TIM1_CC_IRQHandler) refers to stm32f4xx_tim.o(i.TIM_ClearITPendingBit) for TIM_ClearITPendingBit
    timer_handler.o(i.TIM1_CC_IRQHandler) refers to stm32f4xx_tim.o(i.TIM_SetCompare2) for TIM_SetCompare2
    timer_handler.o(i.TIM1_CC_IRQHandler) refers to spwm.o(.data) for Counter_sine
    timer_handler.o(i.TIM1_CC_IRQHandler) refers to global.o(.data) for MI
    timer_handler.o(i.TIM1_CC_IRQHandler) refers to spwm.o(.constdata) for talab
    timer_handler.o(i.TIM2_IRQHandler) refers to stm32f4xx_tim.o(i.TIM_GetITStatus) for TIM_GetITStatus
    timer_handler.o(i.TIM2_IRQHandler) refers to ad7606.o(i.AD7606_read) for AD7606_read
    timer_handler.o(i.TIM2_IRQHandler) refers to sogi.o(i.sogi) for sogi
    timer_handler.o(i.TIM2_IRQHandler) refers to transform.o(i.ab_to_dq) for ab_to_dq
    timer_handler.o(i.TIM2_IRQHandler) refers to pll.o(i.pll) for pll
    timer_handler.o(i.TIM2_IRQHandler) refers to sogi.o(i.sogi_para_update) for sogi_para_update
    timer_handler.o(i.TIM2_IRQHandler) refers to f2d.o(.text) for __aeabi_f2d
    timer_handler.o(i.TIM2_IRQHandler) refers to vofa.o(i.Vofa_JustFloat) for Vofa_JustFloat
    timer_handler.o(i.TIM2_IRQHandler) refers to stm32f4xx_tim.o(i.TIM_ClearITPendingBit) for TIM_ClearITPendingBit
    timer_handler.o(i.TIM2_IRQHandler) refers to global.o(.bss) for adc_real
    timer_handler.o(i.TIM2_IRQHandler) refers to global.o(.data) for input_voltage
    timer_handler.o(i.TIM2_IRQHandler) refers to spwm.o(.constdata) for talab
    timer_handler.o(i.TIM2_IRQHandler) refers to spwm.o(.data) for Counter_sine
    timer_handler.o(i.TIM2_IRQHandler) refers to timer_handler.o(.data) for cnt
    timer_handler.o(i.TIM3_IRQHandler) refers to stm32f4xx_tim.o(i.TIM_GetITStatus) for TIM_GetITStatus
    timer_handler.o(i.TIM3_IRQHandler) refers to oled.o(i.OLED_Clear) for OLED_Clear
    timer_handler.o(i.TIM3_IRQHandler) refers to oled.o(i.OLED_ShowNum) for OLED_ShowNum
    timer_handler.o(i.TIM3_IRQHandler) refers to f2d.o(.text) for __aeabi_f2d
    timer_handler.o(i.TIM3_IRQHandler) refers to oled.o(i.OLED_ShowFloatNum) for OLED_ShowFloatNum
    timer_handler.o(i.TIM3_IRQHandler) refers to oled.o(i.OLED_Update) for OLED_Update
    timer_handler.o(i.TIM3_IRQHandler) refers to stm32f4xx_tim.o(i.TIM_ClearITPendingBit) for TIM_ClearITPendingBit
[...]
    ../clib/microlib/printf/printf.c         0x00000000   Number         0  printf1.o ABSOLUTE
    ../clib/microlib/printf/printf.c         0x00000000   Number         0  printf5.o ABSOLUTE
    ../clib/microlib/printf/printf.c         0x00000000   Number         0  printfb.o ABSOLUTE
    ../clib/microlib/printf/printf.c         0x00000000   Number         0  printf4.o ABSOLUTE
    ../clib/microlib/printf/printf.c         0x00000000   Number         0  printf3.o ABSOLUTE
    ../clib/microlib/printf/printf.c         0x00000000   Number         0  printf2.o ABSOLUTE
    ../clib/microlib/printf/stubs.s          0x00000000   Number         0  stubs.o ABSOLUTE
    ../clib/microlib/string/strcmp.c         0x00000000   Number         0  strcmp.o ABSOLUTE
    ../clib/microlib/string/strlen.c         0x00000000   Number         0  strlen.o ABSOLUTE
    ../clib/microlib/stubs.s                 0x00000000   Number         0  iusefp.o ABSOLUTE
    ../clib/microlib/stubs.s                 0x00000000   Number         0  useno.o ABSOLUTE
    ../fplib/microlib/d2f.c                  0x00000000   Number         0  d2f.o ABSOLUTE
    ../fplib/microlib/f2d.c                  0x00000000   Number         0  f2d.o ABSOLUTE
    ../fplib/microlib/fpadd.c                0x00000000   Number         0  dadd.o ABSOLUTE
    ../fplib/microlib/fpdiv.c                0x00000000   Number         0  ddiv.o ABSOLUTE
    ../fplib/microlib/fpepilogue.c           0x00000000   Number         0  fepilogue.o ABSOLUTE
    ../fplib/microlib/fpepilogue.c           0x00000000   Number         0  depilogue.o ABSOLUTE
    ../fplib/microlib/fpfix.c                0x00000000   Number         0  dfixui.o ABSOLUTE
    ../fplib/microlib/fpfix.c                0x00000000   Number         0  dfixi.o ABSOLUTE
    ../fplib/microlib/fpfix.c                0x00000000   Number         0  dfixul.o ABSOLUTE
    ../fplib/microlib/fpflt.c                0x00000000   Number         0  dflti.o ABSOLUTE
    ../fplib/microlib/fpflt.c                0x00000000   Number         0  dfltui.o ABSOLUTE
    ../fplib/microlib/fpmul.c                0x00000000   Number         0  dmul.o ABSOLUTE
    ../fplib/microlib/fpneg.c                0x00000000   Number         0  dneg.o ABSOLUTE
    ../fplib/microlib/fprnd.c                0x00000000   Number         0  drnd.o ABSOLUTE
    ../mathlib/atan.c                        0x00000000   Number         0  atan_x.o ABSOLUTE
    ../mathlib/atan.c                        0x00000000   Number         0  atan.o ABSOLUTE
    ../mathlib/atan2.c                       0x00000000   Number         0  atan2.o ABSOLUTE
    ../mathlib/atan2.c                       0x00000000   Number         0  atan2_x.o ABSOLUTE
    ../mathlib/dunder.c                      0x00000000   Number         0  dunder.o ABSOLUTE
    ../mathlib/fabs.c                        0x00000000   Number         0  fabs.o ABSOLUTE
    ../mathlib/fabsf.c                       0x00000000   Number         0  fabsfc99.o ABSOLUTE
    ../mathlib/fpclassify.c                  0x00000000   Number         0  fpclassify.o ABSOLUTE
    ../mathlib/poly.c                        0x00000000   Number         0  poly.o ABSOLUTE
    ../mathlib/qnan.c                        0x00000000   Number         0  qnan.o ABSOLUTE
    ../mathlib/round.c                       0x00000000   Number         0  round.o ABSOLUTE
    ..\CORE\startup_stm32f40_41xxx.s         0x00000000   Number         0  startup_stm32f40_41xxx.o ABSOLUTE
    ..\CommonTables\arm_common_tables.c      0x00000000   Number         0  arm_common_tables.o ABSOLUTE
    ..\FWLIB\src\misc.c                      0x00000000   Number         0  misc.o ABSOLUTE
    ..\FWLIB\src\stm32f4xx_adc.c             0x00000000   Number         0  stm32f4xx_adc.o ABSOLUTE
    ..\FWLIB\src\stm32f4xx_can.c             0x00000000   Number         0  stm32f4xx_can.o ABSOLUTE
    ..\FWLIB\src\stm32f4xx_crc.c             0x00000000   Number         0  stm32f4xx_crc.o ABSOLUTE
    ..\FWLIB\src\stm32f4xx_cryp.c            0x00000000   Number         0  stm32f4xx_cryp.o ABSOLUTE
    ..\FWLIB\src\stm32f4xx_cryp_aes.c        0x00000000   Number         0  stm32f4xx_cryp_aes.o ABSOLUTE
    ..\FWLIB\src\stm32f4xx_cryp_des.c        0x00000000   Number         0  stm32f4xx_cryp_des.o ABSOLUTE
    ..\FWLIB\src\stm32f4xx_cryp_tdes.c       0x00000000   Number         0  stm32f4xx_cryp_tdes.o ABSOLUTE
    ..\FWLIB\src\stm32f4xx_dac.c             0x00000000   Number         0  stm32f4xx_dac.o ABSOLUTE
    ..\FWLIB\src\stm32f4xx_dbgmcu.c          0x00000000   Number         0  stm32f4xx_dbgmcu.o ABSOLUTE
    ..\FWLIB\src\stm32f4xx_dcmi.c            0x00000000   Number         0  stm32f4xx_dcmi.o ABSOLUTE
    ..\FWLIB\src\stm32f4xx_dma.c             0x00000000   Number         0  stm32f4xx_dma.o ABSOLUTE
    ..\FWLIB\src\stm32f4xx_dma2d.c           0x00000000   Number         0  stm32f4xx_dma2d.o ABSOLUTE
    ..\FWLIB\src\stm32f4xx_exti.c            0x00000000   Number         0  stm32f4xx_exti.o ABSOLUTE
    ..\FWLIB\src\stm32f4xx_flash.c           0x00000000   Number         0  stm32f4xx_flash.o ABSOLUTE
    ..\FWLIB\src\stm32f4xx_flash_ramfunc.c   0x00000000   Number         0  stm32f4xx_flash_ramfunc.o ABSOLUTE
    ..\FWLIB\src\stm32f4xx_fsmc.c            0x00000000   Number         0  stm32f4xx_fsmc.o ABSOLUTE
    ..\FWLIB\src\stm32f4xx_gpio.c            0x00000000   Number         0  stm32f4xx_gpio.o ABSOLUTE
    ..\FWLIB\src\stm32f4xx_hash.c            0x00000000   Number         0  stm32f4xx_hash.o ABSOLUTE
    ..\FWLIB\src\stm32f4xx_hash_md5.c        0x00000000   Number         0  stm32f4xx_hash_md5.o ABSOLUTE
    ..\FWLIB\src\stm32f4xx_hash_sha1.c       0x00000000   Number         0  stm32f4xx_hash_sha1.o ABSOLUTE
    ..\FWLIB\src\stm32f4xx_i2c.c             0x00000000   Number         0  stm32f4xx_i2c.o ABSOLUTE
    ..\FWLIB\src\stm32f4xx_iwdg.c            0x00000000   Number         0  stm32f4xx_iwdg.o ABSOLUTE
    ..\FWLIB\src\stm32f4xx_ltdc.c            0x00000000   Number         0  stm32f4xx_ltdc.o ABSOLUTE
    ..\FWLIB\src\stm32f4xx_pwr.c             0x00000000   Number         0  stm32f4xx_pwr.o ABSOLUTE
    ..\FWLIB\src\stm32f4xx_rcc.c             0x00000000   Number         0  stm32f4xx_rcc.o ABSOLUTE
    ..\FWLIB\src\stm32f4xx_rng.c             0x00000000   Number         0  stm32f4xx_rng.o ABSOLUTE
    ..\FWLIB\src\stm32f4xx_rtc.c             0x00000000   Number         0  stm32f4xx_rtc.o ABSOLUTE
    ..\FWLIB\src\stm32f4xx_sai.c             0x00000000   Number         0  stm32f4xx_sai.o ABSOLUTE
    ..\FWLIB\src\stm32f4xx_sdio.c            0x00000000   Number         0  stm32f4xx_sdio.o ABSOLUTE
    ..\FWLIB\src\stm32f4xx_spi.c             0x00000000   Number         0  stm32f4xx_spi.o ABSOLUTE
    ..\FWLIB\src\stm32f4xx_syscfg.c          0x00000000   Number         0  stm32f4xx_syscfg.o ABSOLUTE
    ..\FWLIB\src\stm32f4xx_tim.c             0x00000000   Number         0  stm32f4xx_tim.o ABSOLUTE
    ..\FWLIB\src\stm32f4xx_usart.c           0x00000000   Number         0  stm32f4xx_usart.o ABSOLUTE
    ..\FWLIB\src\stm32f4xx_wwdg.c            0x00000000   Number         0  stm32f4xx_wwdg.o ABSOLUTE
    ..\FastMathFunctions\arm_cos_f32.c       0x00000000   Number         0  arm_cos_f32.o ABSOLUTE
    ..\FastMathFunctions\arm_sin_f32.c       0x00000000   Number         0  arm_sin_f32.o ABSOLUTE
    ..\HARDWARE\AD7606\AD7606.c              0x00000000   Number         0  ad7606.o ABSOLUTE
    ..\HARDWARE\ADC\adc.c                    0x00000000   Number         0  adc.o ABSOLUTE
    ..\HARDWARE\BUZZER\buzzer.c              0x00000000   Number         0  buzzer.o ABSOLUTE
    ..\HARDWARE\DMA\dma.c                    0x00000000   Number         0  dma.o ABSOLUTE
    ..\HARDWARE\EXTI\exti.c                  0x00000000   Number         0  exti.o ABSOLUTE
    ..\HARDWARE\GPIO\gpio.c                  0x00000000   Number         0  gpio.o ABSOLUTE
    ..\HARDWARE\KEY\key.c                    0x00000000   Number         0  key.o ABSOLUTE
    ..\HARDWARE\OLED\OLED.c                  0x00000000   Number         0  oled.o ABSOLUTE
    ..\HARDWARE\OLED\OLED_Data.c             0x00000000   Number         0  oled_data.o ABSOLUTE
    ..\HARDWARE\PWM\pwm.c                    0x00000000   Number         0  pwm.o ABSOLUTE
    ..\HARDWARE\TIMER\timer.c                0x00000000   Number         0  timer.o ABSOLUTE
    ..\HARDWARE\spi\spi.c                    0x00000000   Number         0  spi.o ABSOLUTE
    ..\SOFTWARE\DISP\disp.c                  0x00000000   Number         0  disp.o ABSOLUTE
    ..\SOFTWARE\PID\pid.c                    0x00000000   Number         0  pid.o ABSOLUTE
    ..\SOFTWARE\PLL\transform.c              0x00000000   Number         0  transform.o ABSOLUTE
    ..\SOFTWARE\SPWM\spwm.c                  0x00000000   Number         0  spwm.o ABSOLUTE
    ..\SOFTWARE\VOFA\Vofa.c                  0x00000000   Number         0  vofa.o ABSOLUTE
    ..\SOFTWARE\timer_handler\timer_handler.c 0x00000000   Number         0  timer_handler.o ABSOLUTE
    ..\SYSTEM\delay.c                        0x00000000   Number         0  delay.o ABSOLUTE
    ..\SYSTEM\sys.c                          0x00000000   Number         0  sys.o ABSOLUTE
    ..\SYSTEM\usart.c                        0x00000000   Number         0  usart.o ABSOLUTE
    ..\\CommonTables\\arm_common_tables.c    0x00000000   Number         0  arm_common_tables.o ABSOLUTE
    ..\\FWLIB\\src\\misc.c                   0x00000000   Number         0  misc.o ABSOLUTE
    ..\\FWLIB\\src\\stm32f4xx_adc.c          0x00000000   Number         0  stm32f4xx_adc.o ABSOLUTE
    ..\\FWLIB\\src\\stm32f4xx_can.c          0x00000000   Number         0  stm32f4xx_can.o ABSOLUTE
    ..\\FWLIB\\src\\stm32f4xx_crc.c          0x00000000   Number         0  stm32f4xx_crc.o ABSOLUTE
    ..\\FWLIB\\src\\stm32f4xx_cryp.c         0x00000000   Number         0  stm32f4xx_cryp.o ABSOLUTE
    ..\\FWLIB\\src\\stm32f4xx_cryp_aes.c     0x00000000   Number         0  stm32f4xx_cryp_aes.o ABSOLUTE
    ..\\FWLIB\\src\\stm32f4xx_cryp_des.c     0x00000000   Number         0  stm32f4xx_cryp_des.o ABSOLUTE
    ..\\FWLIB\\src\\stm32f4xx_cryp_tdes.c    0x00000000   Number         0  stm32f4xx_cryp_tdes.o ABSOLUTE
    ..\\FWLIB\\src\\stm32f4xx_dac.c          0x00000000   Number         0  stm32f4xx_dac.o ABSOLUTE
    ..\\FWLIB\\src\\stm32f4xx_dbgmcu.c       0x00000000   Number         0  stm32f4xx_dbgmcu.o ABSOLUTE
    ..\\FWLIB\\src\\stm32f4xx_dcmi.c         0x00000000   Number         0  stm32f4xx_dcmi.o ABSOLUTE
    ..\\FWLIB\\src\\stm32f4xx_dma.c          0x00000000   Number         0  stm32f4xx_dma.o ABSOLUTE
    ..\\FWLIB\\src\\stm32f4xx_dma2d.c        0x00000000   Number         0  stm32f4xx_dma2d.o ABSOLUTE
    ..\\FWLIB\\src\\stm32f4xx_exti.c         0x00000000   Number         0  stm32f4xx_exti.o ABSOLUTE
    ..\\FWLIB\\src\\stm32f4xx_flash.c        0x00000000   Number         0  stm32f4xx_flash.o ABSOLUTE
    ..\\FWLIB\\src\\stm32f4xx_flash_ramfunc.c 0x00000000   Number         0  stm32f4xx_flash_ramfunc.o ABSOLUTE
    ..\\FWLIB\\src\\stm32f4xx_fsmc.c         0x00000000   Number         0  stm32f4xx_fsmc.o ABSOLUTE
    ..\\FWLIB\\src\\stm32f4xx_gpio.c         0x00000000   Number         0  stm32f4xx_gpio.o ABSOLUTE
    ..\\FWLIB\\src\\stm32f4xx_hash.c         0x00000000   Number         0  stm32f4xx_hash.o ABSOLUTE
    ..\\FWLIB\\src\\stm32f4xx_hash_md5.c     0x00000000   Number         0  stm32f4xx_hash_md5.o ABSOLUTE
    ..\\FWLIB\\src\\stm32f4xx_hash_sha1.c    0x00000000   Number         0  stm32f4xx_hash_sha1.o ABSOLUTE
    ..\\FWLIB\\src\\stm32f4xx_i2c.c          0x00000000   Number         0  stm32f4xx_i2c.o ABSOLUTE
    ..\\FWLIB\\src\\stm32f4xx_iwdg.c         0x00000000   Number         0  stm32f4xx_iwdg.o ABSOLUTE
    ..\\FWLIB\\src\\stm32f4xx_ltdc.c         0x00000000   Number         0  stm32f4xx_ltdc.o ABSOLUTE
    ..\\FWLIB\\src\\stm32f4xx_pwr.c          0x00000000   Number         0  stm32f4xx_pwr.o ABSOLUTE
    ..\\FWLIB\\src\\stm32f4xx_rcc.c          0x00000000   Number         0  stm32f4xx_rcc.o ABSOLUTE
    ..\\FWLIB\\src\\stm32f4xx_rng.c          0x00000000   Number         0  stm32f4xx_rng.o ABSOLUTE
    ..\\FWLIB\\src\\stm32f4xx_rtc.c          0x00000000   Number         0  stm32f4xx_rtc.o ABSOLUTE
    ..\\FWLIB\\src\\stm32f4xx_sai.c          0x00000000   Number         0  stm32f4xx_sai.o ABSOLUTE
    ..\\FWLIB\\src\\stm32f4xx_sdio.c         0x00000000   Number         0  stm32f4xx_sdio.o ABSOLUTE
    ..\\FWLIB\\src\\stm32f4xx_spi.c          0x00000000   Number         0  stm32f4xx_spi.o ABSOLUTE
    ..\\FWLIB\\src\\stm32f4xx_syscfg.c       0x00000000   Number         0  stm32f4xx_syscfg.o ABSOLUTE
    ..\\FWLIB\\src\\stm32f4xx_tim.c          0x00000000   Number         0  stm32f4xx_tim.o ABSOLUTE
    ..\\FWLIB\\src\\stm32f4xx_usart.c        0x00000000   Number         0  stm32f4xx_usart.o ABSOLUTE
    ..\\FWLIB\\src\\stm32f4xx_wwdg.c         0x00000000   Number         0  stm32f4xx_wwdg.o ABSOLUTE
    ..\\FastMathFunctions\\arm_cos_f32.c     0x00000000   Number         0  arm_cos_f32.o ABSOLUTE
    ..\\FastMathFunctions\\arm_sin_f32.c     0x00000000   Number         0  arm_sin_f32.o ABSOLUTE
    ..\\HARDWARE\\OLED\\OLED.c               0x00000000   Number         0  oled.o ABSOLUTE
    ..\\SYSTEM\\delay.c                      0x00000000   Number         0  delay.o ABSOLUTE
    ..\\SYSTEM\\sys.c                        0x00000000   Number         0  sys.o ABSOLUTE
    ..\\SYSTEM\\usart.c                      0x00000000   Number         0  usart.o ABSOLUTE
    GLOBAL\\global.c                         0x00000000   Number         0  global.o ABSOLUTE
    GLOBAL\global.c                          0x00000000   Number         0  global.o ABSOLUTE
    cdcmple.s                                0x00000000   Number         0  cdcmple.o ABSOLUTE
    cdrcmple.s                               0x00000000   Number         0  cdrcmple.o ABSOLUTE
    dc.s                                     0x00000000   Number         0  dc.o ABSOLUTE
    handlers.s                               0x00000000   Number         0  handlers.o ABSOLUTE
    init.s                                   0x00000000   Number         0  init.o ABSOLUTE
    main.c                                   0x00000000   Number         0  main.o ABSOLUTE
    main.c                                   0x00000000   Number         0  main.o ABSOLUTE
    stm32f4xx_it.c                           0x00000000   Number         0  stm32f4xx_it.o ABSOLUTE
    stm32f4xx_it.c                           0x00000000   Number         0  stm32f4xx_it.o ABSOLUTE
    system_stm32f4xx.c                       0x00000000   Number         0  system_stm32f4xx.o ABSOLUTE
    system_stm32f4xx.c                       0x00000000   Number         0  system_stm32f4xx.o ABSOLUTE
    RESET                                    0x08000000   Section      392  startup_stm32f40_41xxx.o(RESET)
    .ARM.Collect$$$$00000000                 0x08000188   Section        0  entry.o(.ARM.Collect$$$$00000000)
    .ARM.Collect$$$$00000001                 0x08000188   Section        4  entry2.o(.ARM.Collect$$$$00000001)
    .ARM.Collect$$$$00000004                 0x0800018c   Section        4  entry5.o(.ARM.Collect$$$$00000004)
    .ARM.Collect$$$$00000008                 0x08000190   Section        0  entry7b.o(.ARM.Collect$$$$00000008)
    .ARM.Collect$$$$0000000A                 0x08000190   Section        0  entry8b.o(.ARM.Collect$$$$0000000A)
    .ARM.Collect$$$$0000000B                 0x08000190   Section        8  entry9a.o(.ARM.Collect$$$$0000000B)
    .ARM.Collect$$$$0000000D                 0x08000198   Section        0  entry10a.o(.ARM.Collect$$$$0000000D)
    .ARM.Collect$$$$0000000F                 0x08000198   Section        0  entry11a.o(.ARM.Collect$$$$0000000F)
    .ARM.Collect$$$$00002712                 0x08000198   Section        4  entry2.o(.ARM.Collect$$$$00002712)
    __lit__00000000                          0x08000198   Data           4  entry2.o(.ARM.Collect$$$$00002712)
    .text                                    0x0800019c   Section       36  startup_stm32f40_41xxx.o(.text)
    $v0                                      0x0800019c   Number         0  startup_stm32f40_41xxx.o(.text)
    .text                                    0x080001c0   Section        0  arm_cos_f32.o(.text)
    .text                                    0x08000238   Section        0  arm_sin_f32.o(.text)
    .text                                    0x080002ac   Section        0  dadd.o(.text)
    .text                                    0x080003fa   Section        0  dmul.o(.text)
    .text                                    0x080004de   Section        0  dfltui.o(.text)
    .text                                    0x080004f8   Section        0  dfixui.o(.text)
    .text                                    0x0800052a   Section        0  f2d.o(.text)
    .text                                    0x08000550   Section       48  cdcmple.o(.text)
    .text                                    0x08000580   Section       48  cdrcmple.o(.text)
    .text                                    0x080005b0   Section        0  d2f.o(.text)
    .text                                    0x080005e8   Section        0  llshl.o(.text)
    .text                                    0x08000606   Section        0  llushr.o(.text)
    .text                                    0x08000626   Section        0  llsshr.o(.text)
    .text                                    0x0800064a   Section        0  iusefp.o(.text)
    .text                                    0x0800064a   Section        0  fepilogue.o(.text)
    .text                                    0x080006b8   Section        0  depilogue.o(.text)
    .text                                    0x08000774   Section        0  drnd.o(.text)
    .text                                    0x080007fc   Section       36  init.o(.text)
    .text                                    0x08000820   Section        0  __dczerorl2.o(.text)
    i.AD7606_Init                            0x08000878   Section        0  ad7606.o(i.AD7606_Init)
    i.AD7606_read                            0x080008b0   Section        0  ad7606.o(i.AD7606_read)
    i.AD7606_read_data                       0x08000990   Section        0  ad7606.o(i.AD7606_read_data)
    i.AD7606_reset                           0x080009c8   Section        0  ad7606.o(i.AD7606_reset)
    i.AD7606_startconvst                     0x080009f0   Section        0  ad7606.o(i.AD7606_startconvst)
    i.BusFault_Handler                       0x08000a10   Section        0  stm32f4xx_it.o(i.BusFault_Handler)
    i.DebugMon_Handler                       0x08000a14   Section        0  stm32f4xx_it.o(i.DebugMon_Handler)
    i.EXTI4_IRQHandler                       0x08000a16   Section        0  exti.o(i.EXTI4_IRQHandler)
    i.EXTI9_5_IRQHandler                     0x08000a30   Section        0  exti.o(i.EXTI9_5_IRQHandler)
    i.EXTIX_Init                             0x08000a80   Section        0  exti.o(i.EXTIX_Init)
    i.EXTI_ClearITPendingBit                 0x08000b34   Section        0  stm32f4xx_exti.o(i.EXTI_ClearITPendingBit)
    i.EXTI_EC_handler                        0x08000b40   Section        0  exti.o(i.EXTI_EC_handler)
    i.EXTI_GetITStatus                       0x08000b80   Section        0  stm32f4xx_exti.o(i.EXTI_GetITStatus)
    i.EXTI_Init                              0x08000b98   Section        0  stm32f4xx_exti.o(i.EXTI_Init)
    i.GPIO_AD7606_Configuration              0x08000c2c   Section        0  ad7606.o(i.GPIO_AD7606_Configuration)
    i.GPIO_Config_Init                       0x08000cac   Section        0  gpio.o(i.GPIO_Config_Init)
    i.GPIO_Init                              0x08000e00   Section        0  stm32f4xx_gpio.o(i.GPIO_Init)
    i.GPIO_PinAFConfig                       0x08000e90   Section        0  stm32f4xx_gpio.o(i.GPIO_PinAFConfig)
    i.GPIO_ReadInputDataBit                  0x08000ed6   Section        0  stm32f4xx_gpio.o(i.GPIO_ReadInputDataBit)
    i.GPIO_ResetBits                         0x08000ee8   Section        0  stm32f4xx_gpio.o(i.GPIO_ResetBits)
    i.GPIO_SetBits                           0x08000eec   Section        0  stm32f4xx_gpio.o(i.GPIO_SetBits)
    i.GPIO_WriteBit                          0x08000ef0   Section        0  stm32f4xx_gpio.o(i.GPIO_WriteBit)
    i.HardFault_Handler                      0x08000efa   Section        0  stm32f4xx_it.o(i.HardFault_Handler)
    i.MemManage_Handler                      0x08000efe   Section        0  stm32f4xx_it.o(i.MemManage_Handler)
    i.NMI_Handler                            0x08000f02   Section        0  stm32f4xx_it.o(i.NMI_Handler)
    i.NVIC_Init                              0x08000f04   Section        0  misc.o(i.NVIC_Init)
    i.NVIC_PriorityGroupConfig               0x08000f7c   Section        0  misc.o(i.NVIC_PriorityGroupConfig)
    i.OLED_Clear                             0x08000f90   Section        0  oled.o(i.OLED_Clear)
    i.OLED_ClearArea                         0x08000fb8   Section        0  oled.o(i.OLED_ClearArea)
    i.OLED_GPIO_Init                         0x08001048   Section        0  oled.o(i.OLED_GPIO_Init)
    i.OLED_Init                              0x080010dc   Section        0  oled.o(i.OLED_Init)
    i.OLED_Pow                               0x08001176   Section        0  oled.o(i.OLED_Pow)
    i.OLED_SPI_SendByte                      0x0800118a   Section        0  oled.o(i.OLED_SPI_SendByte)
    i.OLED_SetCursor                         0x080011bc   Section        0  oled.o(i.OLED_SetCursor)
    i.OLED_ShowChar                          0x080011e0   Section        0  oled.o(i.OLED_ShowChar)
    i.OLED_ShowFloatNum                      0x08001234   Section        0  oled.o(i.OLED_ShowFloatNum)
    i.OLED_ShowImage                         0x08001334   Section        0  oled.o(i.OLED_ShowImage)
    i.OLED_ShowNum                           0x08001430   Section        0  oled.o(i.OLED_ShowNum)
    i.OLED_Update                            0x0800147c   Section        0  oled.o(i.OLED_Update)
    i.OLED_W_D0                              0x080014a4   Section        0  oled.o(i.OLED_W_D0)
    i.OLED_W_D1                              0x080014bc   Section        0  oled.o(i.OLED_W_D1)
    i.OLED_W_DC                              0x080014d4   Section        0  oled.o(i.OLED_W_DC)
    i.OLED_W_RES                             0x080014ec   Section        0  oled.o(i.OLED_W_RES)
    i.OLED_WriteCommand                      0x08001504   Section        0  oled.o(i.OLED_WriteCommand)
    i.OLED_WriteData                         0x08001516   Section        0  oled.o(i.OLED_WriteData)
    i.PendSV_Handler                         0x08001536   Section        0  stm32f4xx_it.o(i.PendSV_Handler)
    i.RCC_AHB1PeriphClockCmd                 0x08001538   Section        0  stm32f4xx_rcc.o(i.RCC_AHB1PeriphClockCmd)
    i.RCC_APB1PeriphClockCmd                 0x08001558   Section        0  stm32f4xx_rcc.o(i.RCC_APB1PeriphClockCmd)
    i.RCC_APB1PeriphResetCmd                 0x08001578   Section        0  stm32f4xx_rcc.o(i.RCC_APB1PeriphResetCmd)
    i.RCC_APB2PeriphClockCmd                 0x08001598   Section        0  stm32f4xx_rcc.o(i.RCC_APB2PeriphClockCmd)
    i.RCC_GetClocksFreq                      0x080015b8   Section        0  stm32f4xx_rcc.o(i.RCC_GetClocksFreq)
    i.SPI2_Init                              0x080016a0   Section        0  spi.o(i.SPI2_Init)
    i.SPI2_ReadWriteByte                     0x08001764   Section        0  spi.o(i.SPI2_ReadWriteByte)
    i.SPI_Cmd                                0x08001798   Section        0  stm32f4xx_spi.o(i.SPI_Cmd)
    i.SPI_I2S_GetFlagStatus                  0x080017b0   Section        0  stm32f4xx_spi.o(i.SPI_I2S_GetFlagStatus)
    i.SPI_I2S_ReceiveData                    0x080017c2   Section        0  stm32f4xx_spi.o(i.SPI_I2S_ReceiveData)
    i.SPI_I2S_SendData                       0x080017c8   Section        0  stm32f4xx_spi.o(i.SPI_I2S_SendData)
    i.SPI_Init                               0x080017cc   Section        0  stm32f4xx_spi.o(i.SPI_Init)
    i.SVC_Handler                            0x08001808   Section        0  stm32f4xx_it.o(i.SVC_Handler)
    i.SYSCFG_EXTILineConfig                  0x0800180c   Section        0  stm32f4xx_syscfg.o(i.SYSCFG_EXTILineConfig)
    i.SetSysClock                            0x0800184c   Section        0  system_stm32f4xx.o(i.SetSysClock)
    SetSysClock                              0x0800184d   Thumb Code   220  system_stm32f4xx.o(i.SetSysClock)
    i.SysTick_CLKSourceConfig                0x08001938   Section        0  misc.o(i.SysTick_CLKSourceConfig)
    i.SysTick_Handler                        0x08001960   Section        0  stm32f4xx_it.o(i.SysTick_Handler)
    i.SystemInit                             0x08001964   Section        0  system_stm32f4xx.o(i.SystemInit)
    i.TIM1_CC_IRQHandler                     0x080019cc   Section        0  timer_handler.o(i.TIM1_CC_IRQHandler)
    i.TIM1_Config_Init                       0x08001af4   Section        0  timer.o(i.TIM1_Config_Init)
    i.TIM1_GPIO_Config                       0x08001b00   Section        0  timer.o(i.TIM1_GPIO_Config)
    i.TIM1_Mode_Config                       0x08001bb4   Section        0  timer.o(i.TIM1_Mode_Config)
    i.TIM2_Config_Init                       0x08001ca8   Section        0  timer.o(i.TIM2_Config_Init)
    i.TIM2_IRQHandler                        0x08001d0c   Section        0  timer_handler.o(i.TIM2_IRQHandler)
    i.TIM3_Config_Init                       0x08001ee8   Section        0  timer.o(i.TIM3_Config_Init)
    i.TIM3_IRQHandler                        0x08001f50   Section        0  timer_handler.o(i.TIM3_IRQHandler)
    i.TIM_BDTRConfig                         0x08002010   Section        0  stm32f4xx_tim.o(i.TIM_BDTRConfig)
    i.TIM_ClearITPendingBit                  0x08002030   Section        0  stm32f4xx_tim.o(i.TIM_ClearITPendingBit)
    i.TIM_Cmd                                0x08002036   Section        0  stm32f4xx_tim.o(i.TIM_Cmd)
    i.TIM_CtrlPWMOutputs                     0x0800204e   Section        0  stm32f4xx_tim.o(i.TIM_CtrlPWMOutputs)
    i.TIM_GetITStatus                        0x0800206c   Section        0  stm32f4xx_tim.o(i.TIM_GetITStatus)
    i.TIM_ITConfig                           0x0800208e   Section        0  stm32f4xx_tim.o(i.TIM_ITConfig)
    i.TIM_OC1Init                            0x080020a0   Section        0  stm32f4xx_tim.o(i.TIM_OC1Init)
    i.TIM_OC2Init                            0x0800211c   Section        0  stm32f4xx_tim.o(i.TIM_OC2Init)
    i.TIM_OC3Init                            0x080021c0   Section        0  stm32f4xx_tim.o(i.TIM_OC3Init)
    i.TIM_SetCompare1                        0x08002260   Section        0  stm32f4xx_tim.o(i.TIM_SetCompare1)
    i.TIM_SetCompare2                        0x08002264   Section        0  stm32f4xx_tim.o(i.TIM_SetCompare2)
    i.TIM_TimeBaseInit                       0x08002268   Section        0  stm32f4xx_tim.o(i.TIM_TimeBaseInit)
    i.USART1_IRQHandler                      0x080022ec   Section        0  usart.o(i.USART1_IRQHandler)
    i.USART_Cmd                              0x08002374   Section        0  stm32f4xx_usart.o(i.USART_Cmd)
    i.USART_GetFlagStatus                    0x0800238c   Section        0  stm32f4xx_usart.o(i.USART_GetFlagStatus)
    i.USART_GetITStatus                      0x080023a6   Section        0  stm32f4xx_usart.o(i.USART_GetITStatus)
    i.USART_ITConfig                         0x080023fa   Section        0  stm32f4xx_usart.o(i.USART_ITConfig)
    i.USART_Init                             0x08002444   Section        0  stm32f4xx_usart.o(i.USART_Init)
    i.USART_ReceiveData                      0x08002518   Section        0  stm32f4xx_usart.o(i.USART_ReceiveData)
    i.USART_SendData                         0x08002522   Section        0  stm32f4xx_usart.o(i.USART_SendData)
    i.UsageFault_Handler                     0x0800252a   Section        0  stm32f4xx_it.o(i.UsageFault_Handler)
    i.Vofa_JustFloat                         0x08002530   Section        0  vofa.o(i.Vofa_JustFloat)
    i.Vofa_SendDataCallBack                  0x08002558   Section        0  vofa.o(i.Vofa_SendDataCallBack)
    i.__hardfp_round                         0x08002590   Section        0  round.o(i.__hardfp_round)
    i.__scatterload_copy                     0x08002670   Section       14  handlers.o(i.__scatterload_copy)
    i.__scatterload_null                     0x0800267e   Section        2  handlers.o(i.__scatterload_null)
    i.__scatterload_zeroinit                 0x08002680   Section       14  handlers.o(i.__scatterload_zeroinit)
    i.ab_to_dq                               0x0800268e   Section        0  transform.o(i.ab_to_dq)
    i.bsp_Init                               0x080026dc   Section        0  main.o(i.bsp_Init)
    i.delay_init                             0x08002788   Section        0  delay.o(i.delay_init)
    i.delay_ms                               0x080027c4   Section        0  delay.o(i.delay_ms)
    i.delay_us                               0x080027fc   Section        0  delay.o(i.delay_us)
    i.delay_xms                              0x08002848   Section        0  delay.o(i.delay_xms)
    i.main                                   0x08002894   Section        0  main.o(i.main)
    i.pid_init                               0x0800289c   Section        0  pid.o(i.pid_init)
    i.pll                                    0x080028d8   Section        0  pll.o(i.pll)
    i.pll_init                               0x080029dc   Section        0  pll.o(i.pll_init)
    i.sogi                                   0x08002b08   Section        0  sogi.o(i.sogi)
    i.sogi_init                              0x08002c6c   Section        0  sogi.o(i.sogi_init)
    i.sogi_para_update                       0x08002d6e   Section        0  sogi.o(i.sogi_para_update)
    i.uart_init                              0x08002e64   Section        0  usart.o(i.uart_init)
    .constdata                               0x08002f10   Section     1600  spwm.o(.constdata)
    .constdata                               0x08003550   Section        6  vofa.o(.constdata)
    cmdTail                                  0x08003550   Data           2  vofa.o(.constdata)
    justFloatTail                            0x08003552   Data           4  vofa.o(.constdata)
    .constdata                               0x08003556   Section     2367  oled_data.o(.constdata)
    .constdata                               0x08003e98   Section     2052  arm_common_tables.o(.constdata)
    .data                                    0x20000000   Section      267  global.o(.data)
    .data                                    0x20000110   Section       32  sogi.o(.data)
    .data                                    0x20000130   Section        4  spwm.o(.data)
    .data                                    0x20000134   Section       12  timer_handler.o(.data)
    .data                                    0x20000140   Section        4  delay.o(.data)
    fac_us                                   0x20000140   Data           1  delay.o(.data)
    fac_ms                                   0x20000142   Data           2  delay.o(.data)
    .data                                    0x20000144   Section        6  usart.o(.data)
    .data                                    0x2000014a   Section       16  stm32f4xx_rcc.o(.data)
    APBAHBPrescTable                         0x2000014a   Data          16  stm32f4xx_rcc.o(.data)
    .bss                                     0x2000015c   Section      716  global.o(.bss)
    .bss                                     0x20000428   Section     1024  oled.o(.bss)
    .bss                                     0x20000828   Section      200  usart.o(.bss)
    STACK                                    0x200008f0   Section     1024  startup_stm32f40_41xxx.o(STACK)

    Global Symbols

    Symbol Name                              Value     Ov Type        Size  Object(Section)

    BuildAttributes$$THM_ISAv4$E$P$D$K$B$S$7EM$VFPi3$EXTD16$VFPS$VFMA$PE$A:L22UL41UL21$X:L11$S22US41US21$IEEE1$IW$USESV6$~STKCKD$USESV7$~SHL$OTIME$ROPI$IEEEX$EBA8$MICROLIB$REQ8$PRES8$EABIv2 0x00000000   Number         0  anon$$obj.o ABSOLUTE
    __ARM_use_no_argv                        0x00000000   Number         0  main.o ABSOLUTE
    __use_no_errno                           0x00000000   Number         0  useno.o ABSOLUTE
    __use_no_exception_handling              0x00000000   Number         0  useno.o ABSOLUTE
    __use_no_fp                              0x00000000   Number         0  useno.o ABSOLUTE
    __use_no_heap                            0x00000000   Number         0  useno.o ABSOLUTE
    __use_no_heap_region                     0x00000000   Number         0  useno.o ABSOLUTE
    __use_no_semihosting                     0x00000000   Number         0  useno.o ABSOLUTE
    __use_no_semihosting_swi                 0x00000000   Number         0  useno.o ABSOLUTE
    __use_no_signal_handling                 0x00000000   Number         0  useno.o ABSOLUTE
    _printf_a                                0x00000000   Number         0  stubs.o ABSOLUTE
    _printf_c                                0x00000000   Number         0  stubs.o ABSOLUTE
    _printf_charcount                        0x00000000   Number         0  stubs.o ABSOLUTE
    _printf_d                                0x00000000   Number         0  stubs.o ABSOLUTE
    _printf_e                                0x00000000   Number         0  stubs.o ABSOLUTE
    _printf_f                                0x00000000   Number         0  stubs.o ABSOLUTE
    _printf_flags                            0x00000000   Number         0  stubs.o ABSOLUTE
    _printf_fp_dec                           0x00000000   Number         0  stubs.o ABSOLUTE
    _printf_fp_hex                           0x00000000   Number         0  stubs.o ABSOLUTE
    _printf_g                                0x00000000   Number         0  stubs.o ABSOLUTE
    _printf_i                                0x00000000   Number         0  stubs.o ABSOLUTE
    _printf_int_dec                          0x00000000   Number         0  stubs.o ABSOLUTE
    _printf_l                                0x00000000   Number         0  stubs.o ABSOLUTE
    _printf_lc                               0x00000000   Number         0  stubs.o ABSOLUTE
    _printf_ll                               0x00000000   Number         0  stubs.o ABSOLUTE
    _printf_lld                              0x00000000   Number         0  stubs.o ABSOLUTE
    _printf_lli                              0x00000000   Number         0  stubs.o ABSOLUTE
    _printf_llo                              0x00000000   Number         0  stubs.o ABSOLUTE
    _printf_llu                              0x00000000   Number         0  stubs.o ABSOLUTE
    _printf_llx                              0x00000000   Number         0  stubs.o ABSOLUTE
    _printf_longlong_dec                     0x00000000   Number         0  stubs.o ABSOLUTE
    _printf_longlong_hex                     0x00000000   Number         0  stubs.o ABSOLUTE
    _printf_longlong_oct                     0x00000000   Number         0  stubs.o ABSOLUTE
    _printf_ls                               0x00000000   Number         0  stubs.o ABSOLUTE
    _printf_mbtowc                           0x00000000   Number         0  stubs.o ABSOLUTE
    _printf_n                                0x00000000   Number         0  stubs.o ABSOLUTE
    _printf_o                                0x00000000   Number         0  stubs.o ABSOLUTE
    _printf_p                                0x00000000   Number         0  stubs.o ABSOLUTE
    _printf_percent                          0x00000000   Number         0  stubs.o ABSOLUTE
    _printf_pre_padding                      0x00000000   Number         0  stubs.o ABSOLUTE
    _printf_return_value                     0x00000000   Number         0  stubs.o ABSOLUTE
    _printf_s                                0x00000000   Number         0  stubs.o ABSOLUTE
    _printf_sizespec                         0x00000000   Number         0  stubs.o ABSOLUTE
    _printf_str                              0x00000000   Number         0  stubs.o ABSOLUTE
    _printf_truncate_signed                  0x00000000   Number         0  stubs.o ABSOLUTE
    _printf_truncate_unsigned                0x00000000   Number         0  stubs.o ABSOLUTE
    _printf_u                                0x00000000   Number         0  stubs.o ABSOLUTE
    _printf_wc                               0x00000000   Number         0  stubs.o ABSOLUTE
    _printf_wctomb                           0x00000000   Number         0  stubs.o ABSOLUTE
    _printf_widthprec                        0x00000000   Number         0  stubs.o ABSOLUTE
    _printf_x                                0x00000000   Number         0  stubs.o ABSOLUTE
    __cpp_initialize__aeabi_                  - Undefined Weak Reference
    __cxa_finalize                            - Undefined Weak Reference
    _clock_init                               - Undefined Weak Reference
    _microlib_exit                            - Undefined Weak Reference
    __Vectors_Size                           0x00000188   Number         0  startup_stm32f40_41xxx.o ABSOLUTE
    __Vectors                                0x08000000   Data           4  startup_stm32f40_41xxx.o(RESET)
    __Vectors_End                            0x08000188   Data           0  startup_stm32f40_41xxx.o(RESET)
    __main                                   0x08000189   Thumb Code     0  entry.o(.ARM.Collect$$$$00000000)
    _main_stk                                0x08000189   Thumb Code     0  entry2.o(.ARM.Collect$$$$00000001)
    _main_scatterload                        0x0800018d   Thumb Code     0  entry5.o(.ARM.Collect$$$$00000004)
    __main_after_scatterload                 0x08000191   Thumb Code     0  entry5.o(.ARM.Collect$$$$00000004)
    _main_clock                              0x08000191   Thumb Code     0  entry7b.o(.ARM.Collect$$$$00000008)
    _main_cpp_init                           0x08000191   Thumb Code     0  entry8b.o(.ARM.Collect$$$$0000000A)
    _main_init                               0x08000191   Thumb Code     0  entry9a.o(.ARM.Collect$$$$0000000B)
    __rt_final_cpp                           0x08000199   Thumb Code     0  entry10a.o(.ARM.Collect$$$$0000000D)
    __rt_final_exit                          0x08000199   Thumb Code     0  entry11a.o(.ARM.Collect$$$$0000000F)
    Reset_Handler                            0x0800019d   Thumb Code     8  startup_stm32f40_41xxx.o(.text)
    ADC_IRQHandler                           0x080001b7   Thumb Code     0  startup_stm32f40_41xxx.o(.text)
    CAN1_RX0_IRQHandler                      0x080001b7   Thumb Code     0  startup_stm32f40_41xxx.o(.text)
    CAN1_RX1_IRQHandler                      0x080001b7   Thumb Code     0  startup_stm32f40_41xxx.o(.text)
    CAN1_SCE_IRQHandler                      0x080001b7   Thumb Code     0  startup_stm32f40_41xxx.o(.text)
    CAN1_TX_IRQHandler                       0x080001b7   Thumb Code     0  startup_stm32f40_41xxx.o(.text)
    CAN2_RX0_IRQHandler                      0x080001b7   Thumb Code     0  startup_stm32f40_41xxx.o(.text)
    CAN2_RX1_IRQHandler                      0x080001b7   Thumb Code     0  startup_stm32f40_41xxx.o(.text)
    CAN2_SCE_IRQHandler                      0x080001b7   Thumb Code     0  startup_stm32f40_41xxx.o(.text)
    CAN2_TX_IRQHandler                       0x080001b7   Thumb Code     0  startup_stm32f40_41xxx.o(.text)
    CRYP_IRQHandler                          0x080001b7   Thumb Code     0  startup_stm32f40_41xxx.o(.text)
    DCMI_IRQHandler                          0x080001b7   Thumb Code     0  startup_stm32f40_41xxx.o(.text)
    DMA1_Stream0_IRQHandler                  0x080001b7   Thumb Code     0  startup_stm32f40_41xxx.o(.text)
    DMA1_Stream1_IRQHandler                  0x080001b7   Thumb Code     0  startup_stm32f40_41xxx.o(.text)
    DMA1_Stream2_IRQHandler                  0x080001b7   Thumb Code     0  startup_stm32f40_41xxx.o(.text)
    DMA1_Stream3_IRQHandler                  0x080001b7   Thumb Code     0  startup_stm32f40_41xxx.o(.text)
    DMA1_Stream4_IRQHandler                  0x080001b7   Thumb Code     0  startup_stm32f40_41xxx.o(.text)
    DMA1_Stream5_IRQHandler                  0x080001b7   Thumb Code     0  startup_stm32f40_41xxx.o(.text)
    DMA1_Stream6_IRQHandler                  0x080001b7   Thumb Code     0  startup_stm32f40_41xxx.o(.text)
    DMA1_Stream7_IRQHandler                  0x080001b7   Thumb Code     0  startup_stm32f40_41xxx.o(.text)
    DMA2_Stream0_IRQHandler                  0x080001b7   Thumb Code     0  startup_stm32f40_41xxx.o(.text)
    DMA2_Stream1_IRQHandler                  0x080001b7   Thumb Code     0  startup_stm32f40_41xxx.o(.text)
    DMA2_Stream2_IRQHandler                  0x080001b7   Thumb Code     0  startup_stm32f40_41xxx.o(.text)
    DMA2_Stream3_IRQHandler                  0x080001b7   Thumb Code     0  startup_stm32f40_41xxx.o(.text)
    DMA2_Stream4_IRQHandler                  0x080001b7   Thumb Code     0  startup_stm32f40_41xxx.o(.text)
    DMA2_Stream5_IRQHandler                  0x080001b7   Thumb Code     0  startup_stm32f40_41xxx.o(.text)
    DMA2_Stream6_IRQHandler                  0x080001b7   Thumb Code     0  startup_stm32f40_41xxx.o(.text)
    DMA2_Stream7_IRQHandler                  0x080001b7   Thumb Code     0  startup_stm32f40_41xxx.o(.text)
    ETH_IRQHandler                           0x080001b7   Thumb Code     0  startup_stm32f40_41xxx.o(.text)
    ETH_WKUP_IRQHandler                      0x080001b7   Thumb Code     0  startup_stm32f40_41xxx.o(.text)
    EXTI0_IRQHandler                         0x080001b7   Thumb Code     0  startup_stm32f40_41xxx.o(.text)
    EXTI15_10_IRQHandler                     0x080001b7   Thumb Code     0  startup_stm32f40_41xxx.o(.text)
    EXTI1_IRQHandler                         0x080001b7   Thumb Code     0  startup_stm32f40_41xxx.o(.text)
    EXTI2_IRQHandler                         0x080001b7   Thumb Code     0  startup_stm32f40_41xxx.o(.text)
    EXTI3_IRQHandler                         0x080001b7   Thumb Code     0  startup_stm32f40_41xxx.o(.text)
    FLASH_IRQHandler                         0x080001b7   Thumb Code     0  startup_stm32f40_41xxx.o(.text)
    FPU_IRQHandler                           0x080001b7   Thumb Code     0  startup_stm32f40_41xxx.o(.text)
    FSMC_IRQHandler                          0x080001b7   Thumb Code     0  startup_stm32f40_41xxx.o(.text)
    HASH_RNG_IRQHandler                      0x080001b7   Thumb Code     0  startup_stm32f40_41xxx.o(.text)
    I2C1_ER_IRQHandler                       0x080001b7   Thumb Code     0  startup_stm32f40_41xxx.o(.text)
    I2C1_EV_IRQHandler                       0x080001b7   Thumb Code     0  startup_stm32f40_41xxx.o(.text)
    I2C2_ER_IRQHandler                       0x080001b7   Thumb Code     0  startup_stm32f40_41xxx.o(.text)
    I2C2_EV_IRQHandler                       0x080001b7   Thumb Code     0  startup_stm32f40_41xxx.o(.text)
    I2C3_ER_IRQHandler                       0x080001b7   Thumb Code     0  startup_stm32f40_41xxx.o(.text)
    I2C3_EV_IRQHandler                       0x080001b7   Thumb Code     0  startup_stm32f40_41xxx.o(.text)
    OTG_FS_IRQHandler                        0x080001b7   Thumb Code     0  startup_stm32f40_41xxx.o(.text)
    OTG_FS_WKUP_IRQHandler                   0x080001b7   Thumb Code     0  startup_stm32f40_41xxx.o(.text)
    OTG_HS_EP1_IN_IRQHandler                 0x080001b7   Thumb Code     0  startup_stm32f40_41xxx.o(.text)
    OTG_HS_EP1_OUT_IRQHandler                0x080001b7   Thumb Code     0  startup_stm32f40_41xxx.o(.text)
    OTG_HS_IRQHandler                        0x080001b7   Thumb Code     0  startup_stm32f40_41xxx.o(.text)
    OTG_HS_WKUP_IRQHandler                   0x080001b7   Thumb Code     0  startup_stm32f40_41xxx.o(.text)
    PVD_IRQHandler                           0x080001b7   Thumb Code     0  startup_stm32f40_41xxx.o(.text)
    RCC_IRQHandler                           0x080001b7   Thumb Code     0  startup_stm32f40_41xxx.o(.text)
    RTC_Alarm_IRQHandler                     0x080001b7   Thumb Code     0  startup_stm32f40_41xxx.o(.text)
    RTC_WKUP_IRQHandler                      0x080001b7   Thumb Code     0  startup_stm32f40_41xxx.o(.text)
    SDIO_IRQHandler                          0x080001b7   Thumb Code     0  startup_stm32f40_41xxx.o(.text)
    SPI1_IRQHandler                          0x080001b7   Thumb Code     0  startup_stm32f40_41xxx.o(.text)
    SPI2_IRQHandler                          0x080001b7   Thumb Code     0  startup_stm32f40_41xxx.o(.text)
    SPI3_IRQHandler                          0x080001b7   Thumb Code     0  startup_stm32f40_41xxx.o(.text)
    TAMP_STAMP_IRQHandler                    0x080001b7   Thumb Code     0  startup_stm32f40_41xxx.o(.text)
    TIM1_BRK_TIM9_IRQHandler                 0x080001b7   Thumb Code     0  startup_stm32f40_41xxx.o(.text)
    TIM1_TRG_COM_TIM11_IRQHandler            0x080001b7   Thumb Code     0  startup_stm32f40_41xxx.o(.text)
    TIM1_UP_TIM10_IRQHandler                 0x080001b7   Thumb Code     0  startup_stm32f40_41xxx.o(.text)
    TIM4_IRQHandler                          0x080001b7   Thumb Code     0  startup_stm32f40_41xxx.o(.text)
    TIM5_IRQHandler                          0x080001b7   Thumb Code     0  startup_stm32f40_41xxx.o(.text)
    TIM6_DAC_IRQHandler                      0x080001b7   Thumb Code     0  startup_stm32f40_41xxx.o(.text)
    TIM7_IRQHandler                          0x080001b7   Thumb Code     0  startup_stm32f40_41xxx.o(.text)
    TIM8_BRK_TIM12_IRQHandler                0x080001b7   Thumb Code     0  startup_stm32f40_41xxx.o(.text)
    TIM8_CC_IRQHandler                       0x080001b7   Thumb Code     0  startup_stm32f40_41xxx.o(.text)
    TIM8_TRG_COM_TIM14_IRQHandler            0x080001b7   Thumb Code     0  startup_stm32f40_41xxx.o(.text)
    TIM8_UP_TIM13_IRQHandler                 0x080001b7   Thumb Code     0  startup_stm32f40_41xxx.o(.text)
    UART4_IRQHandler                         0x080001b7   Thumb Code     0  startup_stm32f40_41xxx.o(.text)
    UART5_IRQHandler                         0x080001b7   Thumb Code     0  startup_stm32f40_41xxx.o(.text)
    USART2_IRQHandler                        0x080001b7   Thumb Code     0  startup_stm32f40_41xxx.o(.text)
    USART3_IRQHandler                        0x080001b7   Thumb Code     0  startup_stm32f40_41xxx.o(.text)
    USART6_IRQHandler                        0x080001b7   Thumb Code     0  startup_stm32f40_41xxx.o(.text)
    WWDG_IRQHandler                          0x080001b7   Thumb Code     0  startup_stm32f40_41xxx.o(.text)
    arm_cos_f32                              0x080001c1   Thumb Code   108  arm_cos_f32.o(.text)
    arm_sin_f32                              0x08000239   Thumb Code   104  arm_sin_f32.o(.text)
    __aeabi_dadd                             0x080002ad   Thumb Code   322  dadd.o(.text)
    __aeabi_dsub                             0x080003ef   Thumb Code     6  dadd.o(.text)
    __aeabi_drsub                            0x080003f5   Thumb Code     6  dadd.o(.text)
    __aeabi_dmul                             0x080003fb   Thumb Code   228  dmul.o(.text)
    __aeabi_ui2d                             0x080004df   Thumb Code    26  dfltui.o(.text)
    __aeabi_d2uiz                            0x080004f9   Thumb Code    50  dfixui.o(.text)
    __aeabi_f2d                              0x0800052b   Thumb Code    38  f2d.o(.text)
    __aeabi_cdcmpeq                          0x08000551   Thumb Code     0  cdcmple.o(.text)
    __aeabi_cdcmple                          0x08000551   Thumb Code    48  cdcmple.o(.text)
    __aeabi_cdrcmple                         0x08000581   Thumb Code    48  cdrcmple.o(.text)
    __aeabi_d2f                              0x080005b1   Thumb Code    56  d2f.o(.text)
    __aeabi_llsl                             0x080005e9   Thumb Code    30  llshl.o(.text)
    _ll_shift_l                              0x080005e9   Thumb Code     0  llshl.o(.text)
    __aeabi_llsr                             0x08000607   Thumb Code    32  llushr.o(.text)
    _ll_ushift_r                             0x08000607   Thumb Code     0  llushr.o(.text)
    __aeabi_lasr                             0x08000627   Thumb Code    36  llsshr.o(.text)
    _ll_sshift_r                             0x08000627   Thumb Code     0  llsshr.o(.text)
    __I$use$fp                               0x0800064b   Thumb Code     0  iusefp.o(.text)
    _float_round                             0x0800064b   Thumb Code    18  fepilogue.o(.text)
    _float_epilogue                          0x0800065d   Thumb Code    92  fepilogue.o(.text)
    _double_round                            0x080006b9   Thumb Code    30  depilogue.o(.text)
    _double_epilogue                         0x080006d7   Thumb Code   156  depilogue.o(.text)
    _drnd                                    0x08000775   Thumb Code   132  drnd.o(.text)
    __scatterload                            0x080007fd   Thumb Code    28  init.o(.text)
    __scatterload_rt2                        0x080007fd   Thumb Code     0  init.o(.text)
    __decompress                             0x08000821   Thumb Code     0  __dczerorl2.o(.text)
    __decompress1                            0x08000821   Thumb Code    86  __dczerorl2.o(.text)
    AD7606_Init                              0x08000879   Thumb Code    46  ad7606.o(i.AD7606_Init)
    AD7606_read                              0x080008b1   Thumb Code   200  ad7606.o(i.AD7606_read)
    AD7606_read_data                         0x08000991   Thumb Code    50  ad7606.o(i.AD7606_read_data)
    AD7606_reset                             0x080009c9   Thumb Code    34  ad7606.o(i.AD7606_reset)
    AD7606_startconvst                       0x080009f1   Thumb Code    26  ad7606.o(i.AD7606_startconvst)
    BusFault_Handler                         0x08000a11   Thumb Code     4  stm32f4xx_it.o(i.BusFault_Handler)
    DebugMon_Handler                         0x08000a15   Thumb Code     2  stm32f4xx_it.o(i.DebugMon_Handler)
    EXTI4_IRQHandler                         0x08000a17   Thumb Code    26  exti.o(i.EXTI4_IRQHandler)
    EXTI9_5_IRQHandler                       0x08000a31   Thumb Code    80  exti.o(i.EXTI9_5_IRQHandler)
    EXTIX_Init                               0x08000a81   Thumb Code   178  exti.o(i.EXTIX_Init)
    EXTI_ClearITPendingBit                   0x08000b35   Thumb Code     6  stm32f4xx_exti.o(i.EXTI_ClearITPendingBit)
    EXTI_EC_handler                          0x08000b41   Thumb Code    56  exti.o(i.EXTI_EC_handler)
    EXTI_GetITStatus                         0x08000b81   Thumb Code    20  stm32f4xx_exti.o(i.EXTI_GetITStatus)
    EXTI_Init                                0x08000b99   Thumb Code   142  stm32f4xx_exti.o(i.EXTI_Init)
    GPIO_AD7606_Configuration                0x08000c2d   Thumb Code   120  ad7606.o(i.GPIO_AD7606_Configuration)
    GPIO_Config_Init                         0x08000cad   Thumb Code   322  gpio.o(i.GPIO_Config_Init)
    GPIO_Init                                0x08000e01   Thumb Code   144  stm32f4xx_gpio.o(i.GPIO_Init)
    GPIO_PinAFConfig                         0x08000e91   Thumb Code    70  stm32f4xx_gpio.o(i.GPIO_PinAFConfig)
    GPIO_ReadInputDataBit                    0x08000ed7   Thumb Code    18  stm32f4xx_gpio.o(i.GPIO_ReadInputDataBit)
    GPIO_ResetBits                           0x08000ee9   Thumb Code     4  stm32f4xx_gpio.o(i.GPIO_ResetBits)
    GPIO_SetBits                             0x08000eed   Thumb Code     4  stm32f4xx_gpio.o(i.GPIO_SetBits)
    GPIO_WriteBit                            0x08000ef1   Thumb Code    10  stm32f4xx_gpio.o(i.GPIO_WriteBit)
    HardFault_Handler                        0x08000efb   Thumb Code     4  stm32f4xx_it.o(i.HardFault_Handler)
    MemManage_Handler                        0x08000eff   Thumb Code     4  stm32f4xx_it.o(i.MemManage_Handler)
    NMI_Handler                              0x08000f03   Thumb Code     2  stm32f4xx_it.o(i.NMI_Handler)
    NVIC_Init                                0x08000f05   Thumb Code   106  misc.o(i.NVIC_Init)
    NVIC_PriorityGroupConfig                 0x08000f7d   Thumb Code    10  misc.o(i.NVIC_PriorityGroupConfig)
    OLED_Clear                               0x08000f91   Thumb Code    36  oled.o(i.OLED_Clear)
    OLED_ClearArea                           0x08000fb9   Thumb Code   140  oled.o(i.OLED_ClearArea)
    OLED_GPIO_Init                           0x08001049   Thumb Code   138  oled.o(i.OLED_GPIO_Init)
    OLED_Init                                0x080010dd   Thumb Code   154  oled.o(i.OLED_Init)
    OLED_Pow                                 0x08001177   Thumb Code    20  oled.o(i.OLED_Pow)
    OLED_SPI_SendByte                        0x0800118b   Thumb Code    50  oled.o(i.OLED_SPI_SendByte)
    OLED_SetCursor                           0x080011bd   Thumb Code    34  oled.o(i.OLED_SetCursor)
    OLED_ShowChar                            0x080011e1   Thumb Code    74  oled.o(i.OLED_ShowChar)
    OLED_ShowFloatNum                        0x08001235   Thumb Code   248  oled.o(i.OLED_ShowFloatNum)
    OLED_ShowImage                           0x08001335   Thumb Code   248  oled.o(i.OLED_ShowImage)
    OLED_ShowNum                             0x08001431   Thumb Code    76  oled.o(i.OLED_ShowNum)
    OLED_Update                              0x0800147d   Thumb Code    36  oled.o(i.OLED_Update)
    OLED_W_D0                                0x080014a5   Thumb Code    18  oled.o(i.OLED_W_D0)
    OLED_W_D1                                0x080014bd   Thumb Code    18  oled.o(i.OLED_W_D1)
    OLED_W_DC                                0x080014d5   Thumb Code    18  oled.o(i.OLED_W_DC)
    OLED_W_RES                               0x080014ed   Thumb Code    18  oled.o(i.OLED_W_RES)
    OLED_WriteCommand                        0x08001505   Thumb Code    18  oled.o(i.OLED_WriteCommand)
    OLED_WriteData                           0x08001517   Thumb Code    32  oled.o(i.OLED_WriteData)
    PendSV_Handler                           0x08001537   Thumb Code     2  stm32f4xx_it.o(i.PendSV_Handler)
    RCC_AHB1PeriphClockCmd                   0x08001539   Thumb Code    26  stm32f4xx_rcc.o(i.RCC_AHB1PeriphClockCmd)
    RCC_APB1PeriphClockCmd                   0x08001559   Thumb Code    26  stm32f4xx_rcc.o(i.RCC_APB1PeriphClockCmd)
    RCC_APB1PeriphResetCmd                   0x08001579   Thumb Code    26  stm32f4xx_rcc.o(i.RCC_APB1PeriphResetCmd)
    RCC_APB2PeriphClockCmd                   0x08001599   Thumb Code    26  stm32f4xx_rcc.o(i.RCC_APB2PeriphClockCmd)
    RCC_GetClocksFreq                        0x080015b9   Thumb Code   214  stm32f4xx_rcc.o(i.RCC_GetClocksFreq)
    SPI2_Init                                0x080016a1   Thumb Code   188  spi.o(i.SPI2_Init)
    SPI2_ReadWriteByte                       0x08001765   Thumb Code    48  spi.o(i.SPI2_ReadWriteByte)
    SPI_Cmd                                  0x08001799   Thumb Code    24  stm32f4xx_spi.o(i.SPI_Cmd)
    SPI_I2S_GetFlagStatus                    0x080017b1   Thumb Code    18  stm32f4xx_spi.o(i.SPI_I2S_GetFlagStatus)
    SPI_I2S_ReceiveData                      0x080017c3   Thumb Code     6  stm32f4xx_spi.o(i.SPI_I2S_ReceiveData)
    SPI_I2S_SendData                         0x080017c9   Thumb Code     4  stm32f4xx_spi.o(i.SPI_I2S_SendData)
    SPI_Init                                 0x080017cd   Thumb Code    60  stm32f4xx_spi.o(i.SPI_Init)
    SVC_Handler                              0x08001809   Thumb Code     2  stm32f4xx_it.o(i.SVC_Handler)
    SYSCFG_EXTILineConfig                    0x0800180d   Thumb Code    60  stm32f4xx_syscfg.o(i.SYSCFG_EXTILineConfig)
    SysTick_CLKSourceConfig                  0x08001939   Thumb Code    40  misc.o(i.SysTick_CLKSourceConfig)
    SysTick_Handler                          0x08001961   Thumb Code     2  stm32f4xx_it.o(i.SysTick_Handler)
    SystemInit                               0x08001965   Thumb Code    88  system_stm32f4xx.o(i.SystemInit)
    TIM1_CC_IRQHandler                       0x080019cd   Thumb Code   260  timer_handler.o(i.TIM1_CC_IRQHandler)
    TIM1_Config_Init                         0x08001af5   Thumb Code    12  timer.o(i.TIM1_Config_Init)
    TIM1_GPIO_Config                         0x08001b01   Thumb Code   176  timer.o(i.TIM1_GPIO_Config)
    TIM1_Mode_Config                         0x08001bb5   Thumb Code   240  timer.o(i.TIM1_Mode_Config)
    TIM2_Config_Init                         0x08001ca9   Thumb Code   100  timer.o(i.TIM2_Config_Init)
    TIM2_IRQHandler                          0x08001d0d   Thumb Code   380  timer_handler.o(i.TIM2_IRQHandler)
    TIM3_Config_Init                         0x08001ee9   Thumb Code    98  timer.o(i.TIM3_Config_Init)
    TIM3_IRQHandler                          0x08001f51   Thumb Code   168  timer_handler.o(i.TIM3_IRQHandler)
    TIM_BDTRConfig                           0x08002011   Thumb Code    32  stm32f4xx_tim.o(i.TIM_BDTRConfig)
    TIM_ClearITPendingBit                    0x08002031   Thumb Code     6  stm32f4xx_tim.o(i.TIM_ClearITPendingBit)
    TIM_Cmd                                  0x08002037   Thumb Code    24  stm32f4xx_tim.o(i.TIM_Cmd)
    TIM_CtrlPWMOutputs                       0x0800204f   Thumb Code    30  stm32f4xx_tim.o(i.TIM_CtrlPWMOutputs)
    TIM_GetITStatus                          0x0800206d   Thumb Code    34  stm32f4xx_tim.o(i.TIM_GetITStatus)
    TIM_ITConfig                             0x0800208f   Thumb Code    18  stm32f4xx_tim.o(i.TIM_ITConfig)
    TIM_OC1Init                              0x080020a1   Thumb Code   114  stm32f4xx_tim.o(i.TIM_OC1Init)
    TIM_OC2Init                              0x0800211d   Thumb Code   154  stm32f4xx_tim.o(i.TIM_OC2Init)
    TIM_OC3Init                              0x080021c1   Thumb Code   150  stm32f4xx_tim.o(i.TIM_OC3Init)
    TIM_SetCompare1                          0x08002261   Thumb Code     4  stm32f4xx_tim.o(i.TIM_SetCompare1)
    TIM_SetCompare2                          0x08002265   Thumb Code     4  stm32f4xx_tim.o(i.TIM_SetCompare2)
    TIM_TimeBaseInit                         0x08002269   Thumb Code   104  stm32f4xx_tim.o(i.TIM_TimeBaseInit)
    USART1_IRQHandler                        0x080022ed   Thumb Code   122  usart.o(i.USART1_IRQHandler)
    USART_Cmd                                0x08002375   Thumb Code    24  stm32f4xx_usart.o(i.USART_Cmd)
    USART_GetFlagStatus                      0x0800238d   Thumb Code    26  stm32f4xx_usart.o(i.USART_GetFlagStatus)
    USART_GetITStatus                        0x080023a7   Thumb Code    84  stm32f4xx_usart.o(i.USART_GetITStatus)
    USART_ITConfig                           0x080023fb   Thumb Code    74  stm32f4xx_usart.o(i.USART_ITConfig)
    USART_Init                               0x08002445   Thumb Code   204  stm32f4xx_usart.o(i.USART_Init)
    USART_ReceiveData                        0x08002519   Thumb Code    10  stm32f4xx_usart.o(i.USART_ReceiveData)
    USART_SendData                           0x08002523   Thumb Code     8  stm32f4xx_usart.o(i.USART_SendData)
    UsageFault_Handler                       0x0800252b   Thumb Code     4  stm32f4xx_it.o(i.UsageFault_Handler)
    Vofa_JustFloat                           0x08002531   Thumb Code    36  vofa.o(i.Vofa_JustFloat)
    Vofa_SendDataCallBack                    0x08002559   Thumb Code    46  vofa.o(i.Vofa_SendDataCallBack)
    __hardfp_round                           0x08002591   Thumb Code   194  round.o(i.__hardfp_round)
    __scatterload_copy                       0x08002671   Thumb Code    14  handlers.o(i.__scatterload_copy)
    __scatterload_null                       0x0800267f   Thumb Code     2  handlers.o(i.__scatterload_null)
    __scatterload_zeroinit                   0x08002681   Thumb Code    14  handlers.o(i.__scatterload_zeroinit)
    ab_to_dq                                 0x0800268f   Thumb Code    76  transform.o(i.ab_to_dq)
    bsp_Init                                 0x080026dd   Thumb Code   128  main.o(i.bsp_Init)
    delay_init                               0x08002789   Thumb Code    52  delay.o(i.delay_init)
    delay_ms                                 0x080027c5   Thumb Code    56  delay.o(i.delay_ms)
    delay_us                                 0x080027fd   Thumb Code    72  delay.o(i.delay_us)
    delay_xms                                0x08002849   Thumb Code    72  delay.o(i.delay_xms)
    main                                     0x08002895   Thumb Code     8  main.o(i.main)
    pid_init                                 0x0800289d   Thumb Code    54  pid.o(i.pid_init)
    pll                                      0x080028d9   Thumb Code   256  pll.o(i.pll)
    pll_init                                 0x080029dd   Thumb Code   290  pll.o(i.pll_init)
    sogi                                     0x08002b09   Thumb Code   340  sogi.o(i.sogi)
    sogi_init                                0x08002c6d   Thumb Code   258  sogi.o(i.sogi_init)
    sogi_para_update                         0x08002d6f   Thumb Code   246  sogi.o(i.sogi_para_update)
    uart_init                                0x08002e65   Thumb Code   164  usart.o(i.uart_init)
    talab                                    0x08002f10   Data        1600  spwm.o(.constdata)
    OLED_F8x16                               0x08003556   Data        1520  oled_data.o(.constdata)
    OLED_F6x8                                0x08003b46   Data         570  oled_data.o(.constdata)
    OLED_CF16x16                             0x08003d80   Data         245  oled_data.o(.constdata)
    Diode                                    0x08003e75   Data          32  oled_data.o(.constdata)
    sinTable_f32                             0x08003e98   Data        2052  arm_common_tables.o(.constdata)
    Region$$Table$$Base                      0x0800469c   Number         0  anon$$obj.o(Region$$Table)
    Region$$Table$$Limit                     0x080046bc   Number         0  anon$$obj.o(Region$$Table)
    pll_is_locked                            0x20000000   Data           2  global.o(.data)
    test_flag                                0x20000002   Data           1  global.o(.data)
    key1                                     0x20000003   Data           2  global.o(.data)
    test_num                                 0x20000006   Data           2  global.o(.data)
    filter_cnt                               0x20000008   Data           2  global.o(.data)
    timer_cnt                                0x2000000a   Data           2  global.o(.data)
    sample2real_k                            0x2000000c   Data          32  global.o(.data)
    sample2real_b                            0x2000002c   Data          32  global.o(.data)
    MI                                       0x2000004c   Data           4  global.o(.data)
    port_voltage                             0x20000050   Data           4  global.o(.data)
    port_current                             0x20000054   Data           4  global.o(.data)
    port_voltage_alpha                       0x20000058   Data           4  global.o(.data)
    port_voltage_beta                        0x2000005c   Data           4  global.o(.data)
    port_current_alpha                       0x20000060   Data           4  global.o(.data)
    port_current_beta                        0x20000064   Data           4  global.o(.data)
    port_voltage_d                           0x20000068   Data           4  global.o(.data)
    port_voltage_q                           0x2000006c   Data           4  global.o(.data)
    port_current_d                           0x20000070   Data           4  global.o(.data)
    port_current_q                           0x20000074   Data           4  global.o(.data)
    port_theta                               0x20000078   Data           4  global.o(.data)
    port_omega                               0x2000007c   Data           4  global.o(.data)
    port_voltage_peak                        0x20000080   Data           4  global.o(.data)
    port_current_peak                        0x20000084   Data           4  global.o(.data)
    input_voltage                            0x20000088   Data           4  global.o(.data)
    input_current                            0x2000008c   Data           4  global.o(.data)
    input_voltage_peak                       0x20000090   Data           4  global.o(.data)
    input_current_peak                       0x20000094   Data           4  global.o(.data)
    input_apparent_power                     0x20000098   Data           4  global.o(.data)
    input_active_power                       0x2000009c   Data           4  global.o(.data)
    input_power_factor                       0x200000a0   Data           4  global.o(.data)
    input_power_factor_angle                 0x200000a4   Data           4  global.o(.data)
    input_voltage_alpha                      0x200000a8   Data           4  global.o(.data)
    input_voltage_beta                       0x200000ac   Data           4  global.o(.data)
    input_voltage_d                          0x200000b0   Data           4  global.o(.data)
    input_voltage_q                          0x200000b4   Data           4  global.o(.data)
    input_current_alpha                      0x200000b8   Data           4  global.o(.data)
    input_current_beta                       0x200000bc   Data           4  global.o(.data)
    input_current_d                          0x200000c0   Data           4  global.o(.data)
    input_current_q                          0x200000c4   Data           4  global.o(.data)
    omega                                    0x200000c8   Data           4  global.o(.data)
    theta                                    0x200000cc   Data           4  global.o(.data)
    target_current_d                         0x200000d0   Data           4  global.o(.data)
    target_current_q                         0x200000d4   Data           4  global.o(.data)
    target_current_d3                        0x200000d8   Data           4  global.o(.data)
    target_current_q3                        0x200000dc   Data           4  global.o(.data)
    target_voltage_d                         0x200000e0   Data           4  global.o(.data)
    target_voltage_q                         0x200000e4   Data           4  global.o(.data)
    target_voltage_d3                        0x200000e8   Data           4  global.o(.data)
    target_voltage_q3                        0x200000ec   Data           4  global.o(.data)
    target_voltage_alpha                     0x200000f0   Data           4  global.o(.data)
    target_voltage_beta                      0x200000f4   Data           4  global.o(.data)
    target_voltage_alpha3                    0x200000f8   Data           4  global.o(.data)
    target_voltage_beta3                     0x200000fc   Data           4  global.o(.data)
    target_voltage_peak                      0x20000100   Data           4  global.o(.data)
    set_power_factor_angle                   0x20000104   Data           4  global.o(.data)
    mode                                     0x20000108   Data           1  global.o(.data)
    index                                    0x20000109   Data           1  global.o(.data)
    page                                     0x2000010a   Data           1  global.o(.data)
    z1                                       0x20000110   Data           8  sogi.o(.data)
    z2                                       0x20000118   Data           8  sogi.o(.data)
    z3                                       0x20000120   Data           8  sogi.o(.data)
    z4                                       0x20000128   Data           8  sogi.o(.data)
    Counter_sine                             0x20000130   Data           2  spwm.o(.data)
    Counter_sine_I                           0x20000132   Data           2  spwm.o(.data)
    cnt                                      0x20000134   Data           4  timer_handler.o(.data)
    cnt_s                                    0x20000138   Data           4  timer_handler.o(.data)
    init_cnt                                 0x2000013c   Data           4  timer_handler.o(.data)
    __stdout                                 0x20000144   Data           4  usart.o(.data)
    USART_RX_STA                             0x20000148   Data           2  usart.o(.data)
    vofa1                                    0x2000015c   Data         216  global.o(.bss)
    vofa_databuffer                          0x20000234   Data          32  global.o(.bss)
    adc_buffer                               0x20000254   Data          16  global.o(.bss)
    adc_real                                 0x20000264   Data          32  global.o(.bss)
    Compensation                             0x20000284   Data          32  global.o(.bss)
    pid1                                     0x200002a4   Data          32  global.o(.bss)
    pid2                                     0x200002c4   Data          32  global.o(.bss)
    pid3                                     0x200002e4   Data          32  global.o(.bss)
    pid4                                     0x20000304   Data          32  global.o(.bss)
    sogi_v                                   0x20000324   Data          88  global.o(.bss)
    sogi_i                                   0x2000037c   Data          88  global.o(.bss)
    pll_v                                    0x200003d4   Data          84  global.o(.bss)
    OLED_DisplayBuf                          0x20000428   Data        1024  oled.o(.bss)
    USART_RX_BUF                             0x20000828   Data         200  usart.o(.bss)
    __initial_sp                             0x20000cf0   Data           0  startup_stm32f40_41xxx.o(STACK)



==============================================================================

Memory Map of the image

  Image Entry point : 0x0800019d

  Load Region LR_1 (Base: 0x08000000, Size: 0x00004818, Max: 0xffffffff, ABSOLUTE, COMPRESSED[0x000046ec])

    Execution Region ER_RO (Exec base: 0x08000000, Load base: 0x08000000, Size: 0x000046bc, Max: 0xffffffff, ABSOLUTE)

    Exec Addr    Load Addr    Size         Type   Attr      Idx    E Section Name        Object

    0x08000000   0x08000000   0x00000188   Data   RO         1656    RESET               startup_stm32f40_41xxx.o
    0x08000188   0x08000188   0x00000000   Code   RO         6572  * .ARM.Collect$$$$00000000  mc_w.l(entry.o)
    0x08000188   0x08000188   0x00000004   Code   RO         6899    .ARM.Collect$$$$00000001  mc_w.l(entry2.o)
    0x0800018c   0x0800018c   0x00000004   Code   RO         6902    .ARM.Collect$$$$00000004  mc_w.l(entry5.o)
    0x08000190   0x08000190   0x00000000   Code   RO         6904    .ARM.Collect$$$$00000008  mc_w.l(entry7b.o)
    0x08000190   0x08000190   0x00000000   Code   RO         6906    .ARM.Collect$$$$0000000A  mc_w.l(entry8b.o)
    0x08000190   0x08000190   0x00000008   Code   RO         6907    .ARM.Collect$$$$0000000B  mc_w.l(entry9a.o)
    0x08000198   0x08000198   0x00000000   Code   RO         6909    .ARM.Collect$$$$0000000D  mc_w.l(entry10a.o)
    0x08000198   0x08000198   0x00000000   Code   RO         6911    .ARM.Collect$$$$0000000F  mc_w.l(entry11a.o)
    0x08000198   0x08000198   0x00000004   Code   RO         6900    .ARM.Collect$$$$00002712  mc_w.l(entry2.o)
    0x0800019c   0x0800019c   0x00000024   Code   RO         1657  * .text               startup_stm32f40_41xxx.o
    0x080001c0   0x080001c0   0x00000078   Code   RO         6394    .text               arm_cortexM4lf_math.lib(arm_cos_f32.o)
    0x08000238   0x08000238   0x00000074   Code   RO         6447    .text               arm_cortexM4lf_math.lib(arm_sin_f32.o)
    0x080002ac   0x080002ac   0x0000014e   Code   RO         6840    .text               mf_w.l(dadd.o)
    0x080003fa   0x080003fa   0x000000e4   Code   RO         6842    .text               mf_w.l(dmul.o)
    0x080004de   0x080004de   0x0000001a   Code   RO         6850    .text               mf_w.l(dfltui.o)
    0x080004f8   0x080004f8   0x00000032   Code   RO         6854    .text               mf_w.l(dfixui.o)
    0x0800052a   0x0800052a   0x00000026   Code   RO         6856    .text               mf_w.l(f2d.o)
    0x08000550   0x08000550   0x00000030   Code   RO         6858    .text               mf_w.l(cdcmple.o)
    0x08000580   0x08000580   0x00000030   Code   RO         6860    .text               mf_w.l(cdrcmple.o)
    0x080005b0   0x080005b0   0x00000038   Code   RO         6862    .text               mf_w.l(d2f.o)
    0x080005e8   0x080005e8   0x0000001e   Code   RO         6917    .text               mc_w.l(llshl.o)
    0x08000606   0x08000606   0x00000020   Code   RO         6919    .text               mc_w.l(llushr.o)
    0x08000626   0x08000626   0x00000024   Code   RO         6921    .text               mc_w.l(llsshr.o)
    0x0800064a   0x0800064a   0x00000000   Code   RO         6930    .text               mc_w.l(iusefp.o)
    0x0800064a   0x0800064a   0x0000006e   Code   RO         6931    .text               mf_w.l(fepilogue.o)
    0x080006b8   0x080006b8   0x000000ba   Code   RO         6933    .text               mf_w.l(depilogue.o)
    0x08000772   0x08000772   0x00000002   PAD
    0x08000774   0x08000774   0x00000088   Code   RO         6935    .text               mf_w.l(drnd.o)
    0x080007fc   0x080007fc   0x00000024   Code   RO         6943    .text               mc_w.l(init.o)
    0x08000820   0x08000820   0x00000056   Code   RO         6953    .text               mc_w.l(__dczerorl2.o)
    0x08000876   0x08000876   0x00000002   PAD
    0x08000878   0x08000878   0x00000038   Code   RO          922    i.AD7606_Init       ad7606.o
    0x080008b0   0x080008b0   0x000000e0   Code   RO          923    i.AD7606_read       ad7606.o
    0x08000990   0x08000990   0x00000038   Code   RO          924    i.AD7606_read_data  ad7606.o
    0x080009c8   0x080009c8   0x00000028   Code   RO          925    i.AD7606_reset      ad7606.o
    0x080009f0   0x080009f0   0x00000020   Code   RO          926    i.AD7606_startconvst  ad7606.o
    0x08000a10   0x08000a10   0x00000004   Code   RO          143    i.BusFault_Handler  stm32f4xx_it.o
    0x08000a14   0x08000a14   0x00000002   Code   RO          144    i.DebugMon_Handler  stm32f4xx_it.o
    0x08000a16   0x08000a16   0x0000001a   Code   RO         1056    i.EXTI4_IRQHandler  exti.o
    0x08000a30   0x08000a30   0x00000050   Code   RO         1057    i.EXTI9_5_IRQHandler  exti.o
    0x08000a80   0x08000a80   0x000000b2   Code   RO         1058    i.EXTIX_Init        exti.o
    0x08000b32   0x08000b32   0x00000002   PAD
    0x08000b34   0x08000b34   0x0000000c   Code   RO         2910    i.EXTI_ClearITPendingBit  stm32f4xx_exti.o
    0x08000b40   0x08000b40   0x00000040   Code   RO         1059    i.EXTI_EC_handler   exti.o
    0x08000b80   0x08000b80   0x00000018   Code   RO         2914    i.EXTI_GetITStatus  stm32f4xx_exti.o
    0x08000b98   0x08000b98   0x00000094   Code   RO         2915    i.EXTI_Init         stm32f4xx_exti.o
    0x08000c2c   0x08000c2c   0x00000080   Code   RO          927    i.GPIO_AD7606_Configuration  ad7606.o
    0x08000cac   0x08000cac   0x00000154   Code   RO         1094    i.GPIO_Config_Init  gpio.o
    0x08000e00   0x08000e00   0x00000090   Code   RO         3386    i.GPIO_Init         stm32f4xx_gpio.o
    0x08000e90   0x08000e90   0x00000046   Code   RO         3387    i.GPIO_PinAFConfig  stm32f4xx_gpio.o
    0x08000ed6   0x08000ed6   0x00000012   Code   RO         3390    i.GPIO_ReadInputDataBit  stm32f4xx_gpio.o
    0x08000ee8   0x08000ee8   0x00000004   Code   RO         3393    i.GPIO_ResetBits    stm32f4xx_gpio.o
    0x08000eec   0x08000eec   0x00000004   Code   RO         3394    i.GPIO_SetBits      stm32f4xx_gpio.o
    0x08000ef0   0x08000ef0   0x0000000a   Code   RO         3398    i.GPIO_WriteBit     stm32f4xx_gpio.o
    0x08000efa   0x08000efa   0x00000004   Code   RO          145    i.HardFault_Handler  stm32f4xx_it.o
    0x08000efe   0x08000efe   0x00000004   Code   RO          146    i.MemManage_Handler  stm32f4xx_it.o
    0x08000f02   0x08000f02   0x00000002   Code   RO          147    i.NMI_Handler       stm32f4xx_it.o
    0x08000f04   0x08000f04   0x00000078   Code   RO         1663    i.NVIC_Init         misc.o
    0x08000f7c   0x08000f7c   0x00000014   Code   RO         1664    i.NVIC_PriorityGroupConfig  misc.o
    0x08000f90   0x08000f90   0x00000028   Code   RO         1287    i.OLED_Clear        oled.o
    0x08000fb8   0x08000fb8   0x00000090   Code   RO         1288    i.OLED_ClearArea    oled.o
    0x08001048   0x08001048   0x00000094   Code   RO         1296    i.OLED_GPIO_Init    oled.o
    0x080010dc   0x080010dc   0x0000009a   Code   RO         1298    i.OLED_Init         oled.o
    0x08001176   0x08001176   0x00000014   Code   RO         1300    i.OLED_Pow          oled.o
    0x0800118a   0x0800118a   0x00000032   Code   RO         1304    i.OLED_SPI_SendByte  oled.o
    0x080011bc   0x080011bc   0x00000022   Code   RO         1305    i.OLED_SetCursor    oled.o
    0x080011de   0x080011de   0x00000002   PAD
    0x080011e0   0x080011e0   0x00000054   Code   RO         1307    i.OLED_ShowChar     oled.o
    0x08001234   0x08001234   0x00000100   Code   RO         1309    i.OLED_ShowFloatNum  oled.o
    0x08001334   0x08001334   0x000000fc   Code   RO         1311    i.OLED_ShowImage    oled.o
    0x08001430   0x08001430   0x0000004c   Code   RO         1312    i.OLED_ShowNum      oled.o
    0x0800147c   0x0800147c   0x00000028   Code   RO         1315    i.OLED_Update       oled.o
    0x080014a4   0x080014a4   0x00000018   Code   RO         1317    i.OLED_W_D0         oled.o
    0x080014bc   0x080014bc   0x00000018   Code   RO         1318    i.OLED_W_D1         oled.o
    0x080014d4   0x080014d4   0x00000018   Code   RO         1319    i.OLED_W_DC         oled.o
    0x080014ec   0x080014ec   0x00000018   Code   RO         1320    i.OLED_W_RES        oled.o
    0x08001504   0x08001504   0x00000012   Code   RO         1321    i.OLED_WriteCommand  oled.o
    0x08001516   0x08001516   0x00000020   Code   RO         1322    i.OLED_WriteData    oled.o
    0x08001536   0x08001536   0x00000002   Code   RO          148    i.PendSV_Handler    stm32f4xx_it.o
    0x08001538   0x08001538   0x00000020   Code   RO         4250    i.RCC_AHB1PeriphClockCmd  stm32f4xx_rcc.o
    0x08001558   0x08001558   0x00000020   Code   RO         4259    i.RCC_APB1PeriphClockCmd  stm32f4xx_rcc.o
    0x08001578   0x08001578   0x00000020   Code   RO         4261    i.RCC_APB1PeriphResetCmd  stm32f4xx_rcc.o
    0x08001598   0x08001598   0x00000020   Code   RO         4262    i.RCC_APB2PeriphClockCmd  stm32f4xx_rcc.o
    0x080015b8   0x080015b8   0x000000e8   Code   RO         4271    i.RCC_GetClocksFreq  stm32f4xx_rcc.o
    0x080016a0   0x080016a0   0x000000c4   Code   RO         1208    i.SPI2_Init         spi.o
    0x08001764   0x08001764   0x00000034   Code   RO         1209    i.SPI2_ReadWriteByte  spi.o
    0x08001798   0x08001798   0x00000018   Code   RO         5367    i.SPI_Cmd           stm32f4xx_spi.o
    0x080017b0   0x080017b0   0x00000012   Code   RO         5375    i.SPI_I2S_GetFlagStatus  stm32f4xx_spi.o
    0x080017c2   0x080017c2   0x00000006   Code   RO         5378    i.SPI_I2S_ReceiveData  stm32f4xx_spi.o
    0x080017c8   0x080017c8   0x00000004   Code   RO         5379    i.SPI_I2S_SendData  stm32f4xx_spi.o
    0x080017cc   0x080017cc   0x0000003c   Code   RO         5380    i.SPI_Init          stm32f4xx_spi.o
    0x08001808   0x08001808   0x00000002   Code   RO          149    i.SVC_Handler       stm32f4xx_it.o
    0x0800180a   0x0800180a   0x00000002   PAD
    0x0800180c   0x0800180c   0x00000040   Code   RO         5528    i.SYSCFG_EXTILineConfig  stm32f4xx_syscfg.o
    0x0800184c   0x0800184c   0x000000ec   Code   RO            3    i.SetSysClock       system_stm32f4xx.o
    0x08001938   0x08001938   0x00000028   Code   RO         1667    i.SysTick_CLKSourceConfig  misc.o
    0x08001960   0x08001960   0x00000002   Code   RO          150    i.SysTick_Handler   stm32f4xx_it.o
    0x08001962   0x08001962   0x00000002   PAD
    0x08001964   0x08001964   0x00000068   Code   RO            5    i.SystemInit        system_stm32f4xx.o
    0x080019cc   0x080019cc   0x00000128   Code   RO          691    i.TIM1_CC_IRQHandler  timer_handler.o
    0x08001af4   0x08001af4   0x0000000c   Code   RO         1243    i.TIM1_Config_Init  timer.o
    0x08001b00   0x08001b00   0x000000b4   Code   RO         1244    i.TIM1_GPIO_Config  timer.o
    0x08001bb4   0x08001bb4   0x000000f4   Code   RO         1245    i.TIM1_Mode_Config  timer.o
    0x08001ca8   0x08001ca8   0x00000064   Code   RO         1246    i.TIM2_Config_Init  timer.o
    0x08001d0c   0x08001d0c   0x000001dc   Code   RO          692    i.TIM2_IRQHandler   timer_handler.o
    0x08001ee8   0x08001ee8   0x00000068   Code   RO         1247    i.TIM3_Config_Init  timer.o
    0x08001f50   0x08001f50   0x000000c0   Code   RO          693    i.TIM3_IRQHandler   timer_handler.o
    0x08002010   0x08002010   0x00000020   Code   RO         5586    i.TIM_BDTRConfig    stm32f4xx_tim.o
    0x08002030   0x08002030   0x00000006   Code   RO         5592    i.TIM_ClearITPendingBit  stm32f4xx_tim.o
    0x08002036   0x08002036   0x00000018   Code   RO         5597    i.TIM_Cmd           stm32f4xx_tim.o
    0x0800204e   0x0800204e   0x0000001e   Code   RO         5599    i.TIM_CtrlPWMOutputs  stm32f4xx_tim.o
    0x0800206c   0x0800206c   0x00000022   Code   RO         5618    i.TIM_GetITStatus   stm32f4xx_tim.o
    0x0800208e   0x0800208e   0x00000012   Code   RO         5622    i.TIM_ITConfig      stm32f4xx_tim.o
    0x080020a0   0x080020a0   0x0000007c   Code   RO         5626    i.TIM_OC1Init       stm32f4xx_tim.o
    0x0800211c   0x0800211c   0x000000a4   Code   RO         5631    i.TIM_OC2Init       stm32f4xx_tim.o
    0x080021c0   0x080021c0   0x000000a0   Code   RO         5636    i.TIM_OC3Init       stm32f4xx_tim.o
    0x08002260   0x08002260   0x00000004   Code   RO         5659    i.TIM_SetCompare1   stm32f4xx_tim.o
    0x08002264   0x08002264   0x00000004   Code   RO         5660    i.TIM_SetCompare2   stm32f4xx_tim.o
    0x08002268   0x08002268   0x00000084   Code   RO         5669    i.TIM_TimeBaseInit  stm32f4xx_tim.o
    0x080022ec   0x080022ec   0x00000088   Code   RO         1607    i.USART1_IRQHandler  usart.o
    0x08002374   0x08002374   0x00000018   Code   RO         6147    i.USART_Cmd         stm32f4xx_usart.o
    0x0800238c   0x0800238c   0x0000001a   Code   RO         6150    i.USART_GetFlagStatus  stm32f4xx_usart.o
    0x080023a6   0x080023a6   0x00000054   Code   RO         6151    i.USART_GetITStatus  stm32f4xx_usart.o
    0x080023fa   0x080023fa   0x0000004a   Code   RO         6153    i.USART_ITConfig    stm32f4xx_usart.o
    0x08002444   0x08002444   0x000000d4   Code   RO         6154    i.USART_Init        stm32f4xx_usart.o
    0x08002518   0x08002518   0x0000000a   Code   RO         6161    i.USART_ReceiveData  stm32f4xx_usart.o
    0x08002522   0x08002522   0x00000008   Code   RO         6164    i.USART_SendData    stm32f4xx_usart.o
    0x0800252a   0x0800252a   0x00000004   Code   RO          151    i.UsageFault_Handler  stm32f4xx_it.o
    0x0800252e   0x0800252e   0x00000002   PAD
    0x08002530   0x08002530   0x00000028   Code   RO          745    i.Vofa_JustFloat    vofa.o
    0x08002558   0x08002558   0x00000034   Code   RO          752    i.Vofa_SendDataCallBack  vofa.o
    0x0800258c   0x0800258c   0x00000004   PAD
    0x08002590   0x08002590   0x000000e0   Code   RO         6562    i.__hardfp_round    m_wm.l(round.o)
    0x08002670   0x08002670   0x0000000e   Code   RO         6947    i.__scatterload_copy  mc_w.l(handlers.o)
    0x0800267e   0x0800267e   0x00000002   Code   RO         6948    i.__scatterload_null  mc_w.l(handlers.o)
    0x08002680   0x08002680   0x0000000e   Code   RO         6949    i.__scatterload_zeroinit  mc_w.l(handlers.o)
    0x0800268e   0x0800268e   0x0000004c   Code   RO          621    i.ab_to_dq          transform.o
    0x080026da   0x080026da   0x00000002   PAD
    0x080026dc   0x080026dc   0x000000ac   Code   RO          218    i.bsp_Init          main.o
    0x08002788   0x08002788   0x0000003c   Code   RO         1549    i.delay_init        delay.o
    0x080027c4   0x080027c4   0x00000038   Code   RO         1550    i.delay_ms          delay.o
    0x080027fc   0x080027fc   0x0000004c   Code   RO         1551    i.delay_us          delay.o
    0x08002848   0x08002848   0x0000004c   Code   RO         1552    i.delay_xms         delay.o
    0x08002894   0x08002894   0x00000008   Code   RO          219    i.main              main.o
    0x0800289c   0x0800289c   0x0000003c   Code   RO          501    i.pid_init          pid.o
    0x080028d8   0x080028d8   0x00000104   Code   RO          560    i.pll               pll.o
    0x080029dc   0x080029dc   0x0000012c   Code   RO          561    i.pll_init          pll.o
    0x08002b08   0x08002b08   0x00000164   Code   RO          584    i.sogi              sogi.o
    0x08002c6c   0x08002c6c   0x00000102   Code   RO          585    i.sogi_init         sogi.o
    0x08002d6e   0x08002d6e   0x000000f6   Code   RO          586    i.sogi_para_update  sogi.o
    0x08002e64   0x08002e64   0x000000ac   Code   RO         1610    i.uart_init         usart.o
    0x08002f10   0x08002f10   0x00000640   Data   RO          670    .constdata          spwm.o
    0x08003550   0x08003550   0x00000006   Data   RO          753    .constdata          vofa.o
    0x08003556   0x08003556   0x0000093f   Data   RO         1535    .constdata          oled_data.o
    0x08003e95   0x08003e95   0x00000003   PAD
    0x08003e98   0x08003e98   0x00000804   Data   RO         6527    .constdata          arm_cortexM4lf_math.lib(arm_common_tables.o)
    0x0800469c   0x0800469c   0x00000020   Data   RO         6945    Region$$Table       anon$$obj.o


    Execution Region ER_RW (Exec base: 0x20000000, Load base: 0x080046bc, Size: 0x0000015c, Max: 0xffffffff, ABSOLUTE, COMPRESSED[0x00000030])

    Exec Addr    Load Addr    Size         Type   Attr      Idx    E Section Name        Object

    0x20000000   COMPRESSED   0x0000010b   Data   RW          420    .data               global.o
    0x2000010b   COMPRESSED   0x00000005   PAD
    0x20000110   COMPRESSED   0x00000020   Data   RW          588    .data               sogi.o
    0x20000130   COMPRESSED   0x00000004   Data   RW          671    .data               spwm.o
    0x20000134   COMPRESSED   0x0000000c   Data   RW          694    .data               timer_handler.o
    0x20000140   COMPRESSED   0x00000004   Data   RW         1553    .data               delay.o
    0x20000144   COMPRESSED   0x00000006   Data   RW         1612    .data               usart.o
    0x2000014a   COMPRESSED   0x00000010   Data   RW         4303    .data               stm32f4xx_rcc.o


    Execution Region ER_ZI (Exec base: 0x2000015c, Load base: 0x080046ec, Size: 0x00000b94, Max: 0xffffffff, ABSOLUTE)

    Exec Addr    Load Addr    Size         Type   Attr      Idx    E Section Name        Object

    0x2000015c        -       0x000002cc   Zero   RW          419    .bss                global.o
    0x20000428        -       0x00000400   Zero   RW         1324    .bss                oled.o
    0x20000828        -       0x000000c8   Zero   RW         1611    .bss                usart.o
    0x200008f0        -       0x00000400   Zero   RW         1654    STACK               startup_stm32f40_41xxx.o


==============================================================================

Image component sizes


      Code (inc. data)   RO Data    RW Data    ZI Data      Debug   Object Name

       536         60          0          0          0       3631   ad7606.o
       268         16          0          4          0       2287   delay.o
       348          8          0          0          0       2263   exti.o
         0          0          0        267        716     235072   global.o
       340         18          0          0          0        751   gpio.o
       180         44          0          0          0      30182   main.o
       180         24          0          0          0       1929   misc.o
      1444         68          0          0       1024      11581   oled.o
         0          0       2367          0          0       1018   oled_data.o
        60          6          0          0          0     232631   pid.o
       560         14          0          0          0       2193   pll.o
       860         16          0         32          0       3751   sogi.o
       248         12          0          0          0       1193   spi.o
         0          0       1600          4          0        588   spwm.o
        36          8        392          0       1024        800   startup_stm32f40_41xxx.o
       184         16          0          0          0       1944   stm32f4xx_exti.o
       250          0          0          0          0       3855   stm32f4xx_gpio.o
        26          0          0          0          0       3738   stm32f4xx_it.o
       360         42          0         16          0       4948   stm32f4xx_rcc.o
       112          0          0          0          0       3270   stm32f4xx_spi.o
        64          4          0          0          0        616   stm32f4xx_syscfg.o
       732         58          0          0          0       7634   stm32f4xx_tim.o
       438          8          0          0          0       5177   stm32f4xx_usart.o
       340         32          0          0          0      61801   system_stm32f4xx.o
       640         14          0          0          0       3043   timer.o
       964        156          0         12          0       2142   timer_handler.o
        76          0          0          0          0        819   transform.o
       308         22          0          6        200       3008   usart.o
        92         10          6          0          0       2517   vofa.o

    ----------------------------------------------------------------------
      9662        660       4400        348       2964     634382   Object Totals
         0          0         32          0          0          0   (incl. Generated)
        16          4          3          7          0          0   (incl. Padding)

    ----------------------------------------------------------------------

      Code (inc. data)   RO Data    RW Data    ZI Data      Debug   Library Member Name

         0          0       2052          0          0       4636   arm_common_tables.o
       120         12          0          0          0      16970   arm_cos_f32.o
       116         12          0          0          0        658   arm_sin_f32.o
       224         30          0          0          0        172   round.o
        86          0          0          0          0          0   __dczerorl2.o
         0          0          0          0          0          0   entry.o
         0          0          0          0          0          0   entry10a.o
         0          0          0          0          0          0   entry11a.o
         8          4          0          0          0          0   entry2.o
         4          0          0          0          0          0   entry5.o
         0          0          0          0          0          0   entry7b.o
         0          0          0          0          0          0   entry8b.o
         8          4          0          0          0          0   entry9a.o
        30          0          0          0          0          0   handlers.o
        36          8          0          0          0         68   init.o
         0          0          0          0          0          0   iusefp.o
        30          0          0          0          0         68   llshl.o
        36          0          0          0          0         68   llsshr.o
        32          0          0          0          0         68   llushr.o
        48          0          0          0          0         68   cdcmple.o
        48          0          0          0          0         68   cdrcmple.o
        56          0          0          0          0         88   d2f.o
       334          0          0          0          0        148   dadd.o
       186          0          0          0          0        176   depilogue.o
        50          0          0          0          0         76   dfixui.o
        26          0          0          0          0         76   dfltui.o
       228          0          0          0          0         96   dmul.o
       136          4          0          0          0         92   drnd.o
        38          0          0          0          0         68   f2d.o
       110          0          0          0          0        168   fepilogue.o

    ----------------------------------------------------------------------
      1994         74       2052          0          0      23832   Library Totals
         4          0          0          0          0          0   (incl. Padding)

    ----------------------------------------------------------------------

      Code (inc. data)   RO Data    RW Data    ZI Data      Debug   Library Name

       236         24       2052          0          0      22264   arm_cortexM4lf_math.lib
       224         30          0          0          0        172   m_wm.l
       270         16          0          0          0        272   mc_w.l
      1260          4          0          0          0       1124   mf_w.l

    ----------------------------------------------------------------------
      1994         74       2052          0          0      23832   Library Totals

    ----------------------------------------------------------------------

==============================================================================


      Code (inc. data)   RO Data    RW Data    ZI Data      Debug   

     11656        734       6452        348       2964     647574   Grand Totals
     11656        734       6452         48       2964     647574   ELF Image Totals (compressed)
     11656        734       6452         48          0          0   ROM Totals

==============================================================================

    Total RO  Size (Code + RO Data)                18108 (  17.68kB)
    Total RW  Size (RW Data + ZI Data)              3312 (   3.23kB)
    Total ROM Size (Code + RO Data + RW Data)      18156 (  17.73kB)

==============================================================================

